Archive member included to satisfy reference by file (symbol)

C:/ProgramData/MATLAB/SupportPackages/R2024b/3P.instrset/gnuarm-armcortex.instrset/win/bin/../lib/gcc/arm-none-eabi/13.2.1/thumb/v7e-m+fp/hard\libm.a(libm_a-w_fmod.o)
                              xcp_ext_common.o (fmod)
C:/ProgramData/MATLAB/SupportPackages/R2024b/3P.instrset/gnuarm-armcortex.instrset/win/bin/../lib/gcc/arm-none-eabi/13.2.1/thumb/v7e-m+fp/hard\libm.a(libm_a-e_fmod.o)
                              C:/ProgramData/MATLAB/SupportPackages/R2024b/3P.instrset/gnuarm-armcortex.instrset/win/bin/../lib/gcc/arm-none-eabi/13.2.1/thumb/v7e-m+fp/hard\libm.a(libm_a-w_fmod.o) (__ieee754_fmod)
C:/ProgramData/MATLAB/SupportPackages/R2024b/3P.instrset/gnuarm-armcortex.instrset/win/bin/../lib/gcc/arm-none-eabi/13.2.1/thumb/v7e-m+fp/hard\libgcc.a(_arm_muldf3.o)
                              QEI_Polling.o (__aeabi_dmul)
C:/ProgramData/MATLAB/SupportPackages/R2024b/3P.instrset/gnuarm-armcortex.instrset/win/bin/../lib/gcc/arm-none-eabi/13.2.1/thumb/v7e-m+fp/hard\libgcc.a(_arm_addsubdf3.o)
                              QEI_Polling.o (__aeabi_dsub)
C:/ProgramData/MATLAB/SupportPackages/R2024b/3P.instrset/gnuarm-armcortex.instrset/win/bin/../lib/gcc/arm-none-eabi/13.2.1/thumb/v7e-m+fp/hard\libgcc.a(_arm_muldivdf3.o)
                              QEI_Polling.o (__aeabi_ddiv)
C:/ProgramData/MATLAB/SupportPackages/R2024b/3P.instrset/gnuarm-armcortex.instrset/win/bin/../lib/gcc/arm-none-eabi/13.2.1/thumb/v7e-m+fp/hard\libgcc.a(_arm_cmpdf2.o)
                              xcp_ext_mode.o (__aeabi_dcmpeq)
C:/ProgramData/MATLAB/SupportPackages/R2024b/3P.instrset/gnuarm-armcortex.instrset/win/bin/../lib/gcc/arm-none-eabi/13.2.1/thumb/v7e-m+fp/hard\libgcc.a(_arm_unorddf2.o)
                              C:/ProgramData/MATLAB/SupportPackages/R2024b/3P.instrset/gnuarm-armcortex.instrset/win/bin/../lib/gcc/arm-none-eabi/13.2.1/thumb/v7e-m+fp/hard\libm.a(libm_a-w_fmod.o) (__aeabi_dcmpun)
C:/ProgramData/MATLAB/SupportPackages/R2024b/3P.instrset/gnuarm-armcortex.instrset/win/bin/../lib/gcc/arm-none-eabi/13.2.1/thumb/v7e-m+fp/hard\libgcc.a(_arm_fixunsdfsi.o)
                              xcp_ext_common.o (__aeabi_d2uiz)
C:/ProgramData/MATLAB/SupportPackages/R2024b/3P.instrset/gnuarm-armcortex.instrset/win/bin/../lib/gcc/arm-none-eabi/13.2.1/thumb/v7e-m+fp/hard\libgcc.a(_aeabi_uldivmod.o)
                              stm32g4xx_ll_lpuart.o (__aeabi_uldivmod)
C:/ProgramData/MATLAB/SupportPackages/R2024b/3P.instrset/gnuarm-armcortex.instrset/win/bin/../lib/gcc/arm-none-eabi/13.2.1/thumb/v7e-m+fp/hard\libgcc.a(_udivmoddi4.o)
                              C:/ProgramData/MATLAB/SupportPackages/R2024b/3P.instrset/gnuarm-armcortex.instrset/win/bin/../lib/gcc/arm-none-eabi/13.2.1/thumb/v7e-m+fp/hard\libgcc.a(_aeabi_uldivmod.o) (__udivmoddi4)
C:/ProgramData/MATLAB/SupportPackages/R2024b/3P.instrset/gnuarm-armcortex.instrset/win/bin/../lib/gcc/arm-none-eabi/13.2.1/thumb/v7e-m+fp/hard\libgcc.a(_dvmd_tls.o)
                              C:/ProgramData/MATLAB/SupportPackages/R2024b/3P.instrset/gnuarm-armcortex.instrset/win/bin/../lib/gcc/arm-none-eabi/13.2.1/thumb/v7e-m+fp/hard\libgcc.a(_aeabi_uldivmod.o) (__aeabi_ldiv0)
C:/ProgramData/MATLAB/SupportPackages/R2024b/3P.instrset/gnuarm-armcortex.instrset/win/bin/../lib/gcc/arm-none-eabi/13.2.1/thumb/v7e-m+fp/hard\libg_nano.a(libc_a-exit.o)
                              C:/ProgramData/MATLAB/SupportPackages/R2024b/3P.instrset/gnuarm-armcortex.instrset/win/bin/../lib/gcc/arm-none-eabi/13.2.1/thumb/v7e-m+fp/hard/crt0.o (exit)
C:/ProgramData/MATLAB/SupportPackages/R2024b/3P.instrset/gnuarm-armcortex.instrset/win/bin/../lib/gcc/arm-none-eabi/13.2.1/thumb/v7e-m+fp/hard\libg_nano.a(libc_a-findfp.o)
                              C:/ProgramData/MATLAB/SupportPackages/R2024b/3P.instrset/gnuarm-armcortex.instrset/win/bin/../lib/gcc/arm-none-eabi/13.2.1/thumb/v7e-m+fp/hard\libg_nano.a(libc_a-exit.o) (__stdio_exit_handler)
C:/ProgramData/MATLAB/SupportPackages/R2024b/3P.instrset/gnuarm-armcortex.instrset/win/bin/../lib/gcc/arm-none-eabi/13.2.1/thumb/v7e-m+fp/hard\libg_nano.a(libc_a-fwalk.o)
                              C:/ProgramData/MATLAB/SupportPackages/R2024b/3P.instrset/gnuarm-armcortex.instrset/win/bin/../lib/gcc/arm-none-eabi/13.2.1/thumb/v7e-m+fp/hard\libg_nano.a(libc_a-findfp.o) (_fwalk_sglue)
C:/ProgramData/MATLAB/SupportPackages/R2024b/3P.instrset/gnuarm-armcortex.instrset/win/bin/../lib/gcc/arm-none-eabi/13.2.1/thumb/v7e-m+fp/hard\libg_nano.a(libc_a-stdio.o)
                              C:/ProgramData/MATLAB/SupportPackages/R2024b/3P.instrset/gnuarm-armcortex.instrset/win/bin/../lib/gcc/arm-none-eabi/13.2.1/thumb/v7e-m+fp/hard\libg_nano.a(libc_a-findfp.o) (__sread)
C:/ProgramData/MATLAB/SupportPackages/R2024b/3P.instrset/gnuarm-armcortex.instrset/win/bin/../lib/gcc/arm-none-eabi/13.2.1/thumb/v7e-m+fp/hard\libg_nano.a(libc_a-memset.o)
[...]
Memory Configuration

Name             Origin             Length             Attributes
RAM              0x20000000         0x00020000         xrw
FLASH            0x08000000         0x00080000         xr
*default*        0x00000000         0xffffffff

Linker script and memory map

LOAD C:/ProgramData/MATLAB/SupportPackages/R2024b/3P.instrset/gnuarm-armcortex.instrset/win/bin/../lib/gcc/arm-none-eabi/13.2.1/thumb/v7e-m+fp/hard/crti.o
LOAD C:/ProgramData/MATLAB/SupportPackages/R2024b/3P.instrset/gnuarm-armcortex.instrset/win/bin/../lib/gcc/arm-none-eabi/13.2.1/thumb/v7e-m+fp/hard/crtbegin.o
LOAD C:/ProgramData/MATLAB/SupportPackages/R2024b/3P.instrset/gnuarm-armcortex.instrset/win/bin/../lib/gcc/arm-none-eabi/13.2.1/thumb/v7e-m+fp/hard/crt0.o
LOAD stm_timer_ll.o
LOAD xcp_ext_mode.o
LOAD QEI_Polling.o
LOAD ert_main.o
LOAD xcp_ext_common.o
LOAD xcp_ext_classic_trigger.o
LOAD xcp.o
LOAD xcp_standard.o
LOAD xcp_daq.o
LOAD xcp_calibration.o
LOAD xcp_fifo.o
LOAD xcp_transport.o
LOAD xcp_mem_default.o
LOAD xcp_drv_rtiostream.o
LOAD xcp_utils.o
LOAD xcp_frame_serial.o
LOAD xcp_ext_param_default_serial.o
LOAD overrideHALDelay.o
LOAD platform_timer.o
LOAD SysTickScheduler.o
LOAD m3m4m4f_multitasking.o
LOAD rtiostream_serial.o
LOAD stm_usart.o
LOAD stm_lpuart.o
LOAD sys_arch.o
LOAD main.o
LOAD stm32g4xx_it.o
LOAD stm32g4xx_hal_msp.o
LOAD stm32g4xx_hal_timebase_tim.o
LOAD stm32g4xx_ll_utils.o
LOAD stm32g4xx_ll_exti.o
LOAD stm32g4xx_ll_gpio.o
LOAD stm32g4xx_ll_dma.o
LOAD stm32g4xx_ll_lpuart.o
LOAD stm32g4xx_ll_rcc.o
LOAD stm32g4xx_ll_pwr.o
LOAD stm32g4xx_hal.o
LOAD stm32g4xx_hal_rcc.o
LOAD stm32g4xx_hal_rcc_ex.o
LOAD stm32g4xx_hal_flash.o
LOAD stm32g4xx_hal_flash_ex.o
LOAD stm32g4xx_hal_flash_ramfunc.o
LOAD stm32g4xx_hal_gpio.o
LOAD stm32g4xx_hal_exti.o
LOAD stm32g4xx_hal_dma.o
LOAD stm32g4xx_hal_dma_ex.o
LOAD stm32g4xx_hal_pwr.o
LOAD stm32g4xx_hal_pwr_ex.o
LOAD stm32g4xx_hal_cortex.o
LOAD stm32g4xx_hal_tim.o
LOAD stm32g4xx_hal_tim_ex.o
LOAD stm32g4xx_ll_tim.o
LOAD system_stm32g4xx.o
LOAD syscalls.o
LOAD sysmem.o
LOAD startup_stm32g474retx.o
LOAD C:/ProgramData/MATLAB/SupportPackages/R2024b/3P.instrset/cmsis_dsp.instrset/Lib/GCC/arm_cortexm4ldfsp_math/libCMSISDSP.a
LOAD C:/ProgramData/MATLAB/SupportPackages/R2024b/toolbox/shared/supportpackages/stm32/lib/GCC/libmw_pdmfilter_m4_spfp.lib
LOAD C:/ProgramData/MATLAB/SupportPackages/R2024b/3P.instrset/gnuarm-armcortex.instrset/win/bin/../lib/gcc/arm-none-eabi/13.2.1/thumb/v7e-m+fp/hard\libstdc++_nano.a
LOAD C:/ProgramData/MATLAB/SupportPackages/R2024b/3P.instrset/gnuarm-armcortex.instrset/win/bin/../lib/gcc/arm-none-eabi/13.2.1/thumb/v7e-m+fp/hard\libm.a
START GROUP
LOAD C:/ProgramData/MATLAB/SupportPackages/R2024b/3P.instrset/gnuarm-armcortex.instrset/win/bin/../lib/gcc/arm-none-eabi/13.2.1/thumb/v7e-m+fp/hard\libgcc.a
LOAD C:/ProgramData/MATLAB/SupportPackages/R2024b/3P.instrset/gnuarm-armcortex.instrset/win/bin/../lib/gcc/arm-none-eabi/13.2.1/thumb/v7e-m+fp/hard\libg_nano.a
LOAD C:/ProgramData/MATLAB/SupportPackages/R2024b/3P.instrset/gnuarm-armcortex.instrset/win/bin/../lib/gcc/arm-none-eabi/13.2.1/thumb/v7e-m+fp/hard\libc_nano.a
END GROUP
START GROUP
LOAD C:/ProgramData/MATLAB/SupportPackages/R2024b/3P.instrset/gnuarm-armcortex.instrset/win/bin/../lib/gcc/arm-none-eabi/13.2.1/thumb/v7e-m+fp/hard\libgcc.a
LOAD C:/ProgramData/MATLAB/SupportPackages/R2024b/3P.instrset/gnuarm-armcortex.instrset/win/bin/../lib/gcc/arm-none-eabi/13.2.1/thumb/v7e-m+fp/hard\libc_nano.a
LOAD C:/ProgramData/MATLAB/SupportPackages/R2024b/3P.instrset/gnuarm-armcortex.instrset/win/bin/../lib/gcc/arm-none-eabi/13.2.1/thumb/v7e-m+fp/hard\libnosys.a
END GROUP
START GROUP
LOAD C:/ProgramData/MATLAB/SupportPackages/R2024b/3P.instrset/gnuarm-armcortex.instrset/win/bin/../lib/gcc/arm-none-eabi/13.2.1/thumb/v7e-m+fp/hard\libgcc.a
LOAD C:/ProgramData/MATLAB/SupportPackages/R2024b/3P.instrset/gnuarm-armcortex.instrset/win/bin/../lib/gcc/arm-none-eabi/13.2.1/thumb/v7e-m+fp/hard\libc_nano.a
LOAD C:/ProgramData/MATLAB/SupportPackages/R2024b/3P.instrset/gnuarm-armcortex.instrset/win/bin/../lib/gcc/arm-none-eabi/13.2.1/thumb/v7e-m+fp/hard\libnosys.a
END GROUP
LOAD C:/ProgramData/MATLAB/SupportPackages/R2024b/3P.instrset/gnuarm-armcortex.instrset/win/bin/../lib/gcc/arm-none-eabi/13.2.1/thumb/v7e-m+fp/hard/crtend.o
LOAD C:/ProgramData/MATLAB/SupportPackages/R2024b/3P.instrset/gnuarm-armcortex.instrset/win/bin/../lib/gcc/arm-none-eabi/13.2.1/thumb/v7e-m+fp/hard/crtn.o
                0x20020000                        _estack = (ORIGIN (RAM) + LENGTH (RAM))
                0x00000200                        _Min_Heap_Size = 0x200
                0x00000400                        _Min_Stack_Size = 0x400

.isr_vector     0x08000000      0x1d8
                0x08000000                        . = ALIGN (0x4)
 *(.isr_vector)
 .isr_vector    0x08000000      0x1d8 startup_stm32g474retx.o
                0x08000000                g_pfnVectors
                0x080001d8                        . = ALIGN (0x4)

.text           0x080001d8     0xde1c
                0x080001d8                        . = ALIGN (0x4)
 *(.text)
 .text          0x080001d8      0x378 C:/ProgramData/MATLAB/SupportPackages/R2024b/3P.instrset/gnuarm-armcortex.instrset/win/bin/../lib/gcc/arm-none-eabi/13.2.1/thumb/v7e-m+fp/hard\libgcc.a(_arm_addsubdf3.o)
                0x080001d8                __aeabi_drsub
                0x080001e0                __aeabi_dsub
                0x080001e0                __subdf3
                0x080001e4                __aeabi_dadd
                0x080001e4                __adddf3
                0x0800045c                __floatunsidf
                0x0800045c                __aeabi_ui2d
                0x0800047c                __floatsidf
                0x0800047c                __aeabi_i2d
                0x080004a0                __aeabi_f2d
                0x080004a0                __extendsfdf2
                0x080004e4                __floatundidf
                0x080004e4                __aeabi_ul2d
                0x080004f4                __floatdidf
                0x080004f4                __aeabi_l2d
 .text          0x08000550      0x424 C:/ProgramData/MATLAB/SupportPackages/R2024b/3P.instrset/gnuarm-armcortex.instrset/win/bin/../lib/gcc/arm-none-eabi/13.2.1/thumb/v7e-m+fp/hard\libgcc.a(_arm_muldivdf3.o)
                0x08000550                __aeabi_dmul
                0x08000550                __muldf3
                0x080007a4                __divdf3
                0x080007a4                __aeabi_ddiv
 .text          0x08000974      0x110 C:/ProgramData/MATLAB/SupportPackages/R2024b/3P.instrset/gnuarm-armcortex.instrset/win/bin/../lib/gcc/arm-none-eabi/13.2.1/thumb/v7e-m+fp/hard\libgcc.a(_arm_cmpdf2.o)
                0x08000974                __gtdf2
                0x08000974                __gedf2
                0x0800097c                __ltdf2
                0x0800097c                __ledf2
                0x08000984                __nedf2
                0x08000984                __eqdf2
                0x08000984                __cmpdf2
                0x08000a00                __aeabi_cdrcmple
                0x08000a10                __aeabi_cdcmpeq
                0x08000a10                __aeabi_cdcmple
                0x08000a20                __aeabi_dcmpeq
                0x08000a34                __aeabi_dcmplt
                0x08000a48                __aeabi_dcmple
                0x08000a5c                __aeabi_dcmpge
                0x08000a70                __aeabi_dcmpgt
 .text          0x08000a84       0x2c C:/ProgramData/MATLAB/SupportPackages/R2024b/3P.instrset/gnuarm-armcortex.instrset/win/bin/../lib/gcc/arm-none-eabi/13.2.1/thumb/v7e-m+fp/hard\libgcc.a(_arm_unorddf2.o)
                0x08000a84                __unorddf2
                0x08000a84                __aeabi_dcmpun
 .text          0x08000ab0       0x40 C:/ProgramData/MATLAB/SupportPackages/R2024b/3P.instrset/gnuarm-armcortex.instrset/win/bin/../lib/gcc/arm-none-eabi/13.2.1/thumb/v7e-m+fp/hard\libgcc.a(_arm_fixunsdfsi.o)
                0x08000ab0                __aeabi_d2uiz
                0x08000ab0                __fixunsdfsi
 .text          0x08000af0       0x30 C:/ProgramData/MATLAB/SupportPackages/R2024b/3P.instrset/gnuarm-armcortex.instrset/win/bin/../lib/gcc/arm-none-eabi/13.2.1/thumb/v7e-m+fp/hard\libgcc.a(_aeabi_uldivmod.o)
                0x08000af0                __aeabi_uldivmod
 .text          0x08000b20        0x4 C:/ProgramData/MATLAB/SupportPackages/R2024b/3P.instrset/gnuarm-armcortex.instrset/win/bin/../lib/gcc/arm-none-eabi/13.2.1/thumb/v7e-m+fp/hard\libgcc.a(_dvmd_tls.o)
                0x08000b20                __aeabi_idiv0
                0x08000b20                __aeabi_ldiv0
 *(.text*)
 .text.deregister_tm_clones
                0x08000b24       0x1c C:/ProgramData/MATLAB/SupportPackages/R2024b/3P.instrset/gnuarm-armcortex.instrset/win/bin/../lib/gcc/arm-none-eabi/13.2.1/thumb/v7e-m+fp/hard/crtbegin.o
 .text.register_tm_clones
                0x08000b40       0x24 C:/ProgramData/MATLAB/SupportPackages/R2024b/3P.instrset/gnuarm-armcortex.instrset/win/bin/../lib/gcc/arm-none-eabi/13.2.1/thumb/v7e-m+fp/hard/crtbegin.o
 .text.__do_global_dtors_aux
                0x08000b64       0x28 C:/ProgramData/MATLAB/SupportPackages/R2024b/3P.instrset/gnuarm-armcortex.instrset/win/bin/../lib/gcc/arm-none-eabi/13.2.1/thumb/v7e-m+fp/hard/crtbegin.o
 .text.frame_dummy
                0x08000b8c       0x24 C:/ProgramData/MATLAB/SupportPackages/R2024b/3P.instrset/gnuarm-armcortex.instrset/win/bin/../lib/gcc/arm-none-eabi/13.2.1/thumb/v7e-m+fp/hard/crtbegin.o
 .text.LL_TIM_GetCounterMode
                0x08000bb0       0x30 stm_timer_ll.o
 .text.LL_TIM_GetCounter
                0x08000be0       0x18 stm_timer_ll.o
 .text.LL_TIM_GetRepetitionCounter
                0x08000bf8       0x18 stm_timer_ll.o
 .text.LL_TIM_CC_EnableChannel
                0x08000c10       0x22 stm_timer_ll.o
 .text.LL_TIM_CC_DisableChannel
                0x08000c32       0x24 stm_timer_ll.o
 .text.LL_TIM_EnableAllOutputs
                0x08000c56       0x20 stm_timer_ll.o
 .text.LL_TIM_IsActiveFlag_IDX
                0x08000c76       0x28 stm_timer_ll.o
 .text.LL_TIM_EnableIT_UPDATE
                0x08000c9e       0x20 stm_timer_ll.o
 .text.LL_TIM_DisableIT_UPDATE
                0x08000cbe       0x20 stm_timer_ll.o
 .text.LL_TIM_IsEnabledIT_UPDATE
                0x08000cde       0x26 stm_timer_ll.o
 .text.LL_TIM_EnableIT_CC1
                0x08000d04       0x20 stm_timer_ll.o
 .text.LL_TIM_DisableIT_CC1
                0x08000d24       0x20 stm_timer_ll.o
 .text.LL_TIM_IsEnabledIT_CC1
                0x08000d44       0x26 stm_timer_ll.o
 .text.LL_TIM_EnableIT_CC2
                0x08000d6a       0x20 stm_timer_ll.o
 .text.LL_TIM_DisableIT_CC2
                0x08000d8a       0x20 stm_timer_ll.o
 .text.LL_TIM_IsEnabledIT_CC2
                0x08000daa       0x26 stm_timer_ll.o
 .text.LL_TIM_EnableIT_CC3
                0x08000dd0       0x20 stm_timer_ll.o
 .text.LL_TIM_DisableIT_CC3
                0x08000df0       0x20 stm_timer_ll.o
 .text.LL_TIM_IsEnabledIT_CC3
                0x08000e10       0x26 stm_timer_ll.o
 .text.LL_TIM_EnableIT_CC4
                0x08000e36       0x20 stm_timer_ll.o
 .text.LL_TIM_DisableIT_CC4
                0x08000e56       0x20 stm_timer_ll.o
 .text.LL_TIM_IsEnabledIT_CC4
                0x08000e76       0x26 stm_timer_ll.o
 .text.LL_TIM_EnableIT_COM
                0x08000e9c       0x20 stm_timer_ll.o
 .text.LL_TIM_DisableIT_COM
                0x08000ebc       0x20 stm_timer_ll.o
 .text.LL_TIM_IsEnabledIT_COM
                0x08000edc       0x26 stm_timer_ll.o
 .text.LL_TIM_EnableIT_TRIG
                0x08000f02       0x20 stm_timer_ll.o
 .text.LL_TIM_DisableIT_TRIG
                0x08000f22       0x20 stm_timer_ll.o
 .text.LL_TIM_IsEnabledIT_TRIG
                0x08000f42       0x26 stm_timer_ll.o
 .text.LL_TIM_EnableIT_BRK
                0x08000f68       0x20 stm_timer_ll.o
 .text.LL_TIM_DisableIT_BRK
                0x08000f88       0x20 stm_timer_ll.o
 .text.LL_TIM_IsEnabledIT_BRK
                0x08000fa8       0x26 stm_timer_ll.o
 .text.LL_TIM_EnableIT_TERR
                0x08000fce       0x20 stm_timer_ll.o
 .text.LL_TIM_DisableIT_TERR
                0x08000fee       0x20 stm_timer_ll.o
 .text.LL_TIM_IsEnabledIT_TERR
                0x0800100e       0x28 stm_timer_ll.o
 .text.LL_TIM_EnableIT_IERR
                0x08001036       0x20 stm_timer_ll.o
 .text.LL_TIM_DisableIT_IERR
                0x08001056       0x20 stm_timer_ll.o
 .text.LL_TIM_IsEnabledIT_IERR
                0x08001076       0x28 stm_timer_ll.o
 .text.LL_TIM_EnableIT_DIR
                0x0800109e       0x20 stm_timer_ll.o
 .text.LL_TIM_DisableIT_DIR
                0x080010be       0x20 stm_timer_ll.o
 .text.LL_TIM_IsEnabledIT_DIR
                0x080010de       0x28 stm_timer_ll.o
 .text.LL_TIM_EnableIT_IDX
                0x08001106       0x20 stm_timer_ll.o
 .text.LL_TIM_DisableIT_IDX
                0x08001126       0x20 stm_timer_ll.o
 .text.LL_TIM_IsEnabledIT_IDX
                0x08001146       0x28 stm_timer_ll.o
 .text.TIM_IsActiveFlagIDX
                0x0800116e       0x34 stm_timer_ll.o
                0x0800116e                TIM_IsActiveFlagIDX
 .text.enableTimerInterrupts
                0x080011a2      0x1c4 stm_timer_ll.o
                0x080011a2                enableTimerInterrupts
 .text.disableTimerInterrupts
                0x08001366      0x1c4 stm_timer_ll.o
                0x08001366                disableTimerInterrupts
 *fill*         0x0800152a        0x2 
 .text.enableTimerChannel1
                0x0800152c       0xb0 stm_timer_ll.o
                0x0800152c                enableTimerChannel1
 .text.disableTimerChannel1
                0x080015dc       0xb0 stm_timer_ll.o
                0x080015dc                disableTimerChannel1
 .text.enableTimerChannel2
                0x0800168c       0xb0 stm_timer_ll.o
                0x0800168c                enableTimerChannel2
 .text.disableTimerChannel2
                0x0800173c       0xb0 stm_timer_ll.o
                0x0800173c                disableTimerChannel2
 .text.Timer_Handle_Init
                0x080017ec      0x140 stm_timer_ll.o
                0x080017ec                Timer_Handle_Init
 .text.getTimerCounterValueForG4
                0x0800192c       0x64 stm_timer_ll.o
                0x0800192c                getTimerCounterValueForG4
 .text.extmodeParseArgs
                0x08001990       0x1e xcp_ext_mode.o
                0x08001990                extmodeParseArgs
 *fill*         0x080019ae        0x2 
 .text.extmodeInit
                0x080019b0      0x128 xcp_ext_mode.o
                0x080019b0                extmodeInit
 .text.extmodeWaitForHostRequest
                0x08001ad8       0xcc xcp_ext_mode.o
                0x08001ad8                extmodeWaitForHostRequest
 .text.extmodeEvent
                0x08001ba4       0xfc xcp_ext_mode.o
                0x08001ba4                extmodeEvent
 .text.extmodeBackgroundRun
                0x08001ca0       0x20 xcp_ext_mode.o
                0x08001ca0                extmodeBackgroundRun
 .text.extmodeReset
                0x08001cc0       0x40 xcp_ext_mode.o
                0x08001cc0                extmodeReset
 .text.extmodeStopRequested
                0x08001d00       0x18 xcp_ext_mode.o
                0x08001d00                extmodeStopRequested
 .text.extmodeSimulationComplete
                0x08001d18       0x18 xcp_ext_mode.o
                0x08001d18                extmodeSimulationComplete
 .text.LL_TIM_EnableCounter
                0x08001d30       0x20 QEI_Polling.o
 .text.LL_TIM_DisableCounter
                0x08001d50       0x20 QEI_Polling.o
 .text.LL_TIM_SetUpdateSource
                0x08001d70       0x26 QEI_Polling.o
 .text.LL_TIM_GetUpdateSource
                0x08001d96       0x1c QEI_Polling.o
 .text.LL_TIM_SetRepetitionCounter
                0x08001db2       0x1c QEI_Polling.o
 .text.LL_TIM_GenerateEvent_UPDATE
                0x08001dce       0x20 QEI_Polling.o
 .text.LL_GPIO_ReadInputPort
                0x08001dee       0x18 QEI_Polling.o
 *fill*         0x08001e06        0x2 
 .text.isSlaveTriggerModeEnabled
                0x08001e08       0x30 QEI_Polling.o
 .text.enableCounter
                0x08001e38      0x118 QEI_Polling.o
 .text.disableCounter
                0x08001f50       0x1a QEI_Polling.o
 .text.QEI_Pollin_DigitalPortRead_Init
                0x08001f6a       0x20 QEI_Polling.o
                0x08001f6a                QEI_Pollin_DigitalPortRead_Init
 *fill*         0x08001f8a        0x2 
 .text.QEI_Polling_DigitalPortRead
                0x08001f8c       0x34 QEI_Polling.o
                0x08001f8c                QEI_Polling_DigitalPortRead
 .text.QEI_Polling_MATLABFunction_Init
                0x08001fc0       0x1c QEI_Polling.o
                0x08001fc0                QEI_Polling_MATLABFunction_Init
 *fill*         0x08001fdc        0x4 
 .text.QEI_Polling_MATLABFunction
                0x08001fe0      0x190 QEI_Polling.o
                0x08001fe0                QEI_Polling_MATLABFunction
 .text.QEI_Polling_SystemCore_setup
                0x08002170       0x94 QEI_Polling.o
 .text.QEI_Polling_SystemCore_setup_k
                0x08002204       0x94 QEI_Polling.o
 .text.QEI_Polling_SystemCore_setup_k0
                0x08002298       0x94 QEI_Polling.o
 *fill*         0x0800232c        0x4 
 .text.QEI_Polling_step
                0x08002330      0xa74 QEI_Polling.o
                0x08002330                QEI_Polling_step
 *fill*         0x08002da4        0x4 
 .text.QEI_Polling_initialize
                0x08002da8      0x164 QEI_Polling.o
                0x08002da8                QEI_Polling_initialize
 .text.QEI_Polling_terminate
                0x08002f0c      0x114 QEI_Polling.o
                0x08002f0c                QEI_Polling_terminate
 .text.rt_OneStep
                0x08003020       0x78 ert_main.o
                0x08003020                rt_OneStep
 .text.main     0x08003098      0x18c ert_main.o
                0x08003098                main
 .text.xcp_void_printf
                0x08003224       0x12 xcp_ext_common.o
                0x08003224                xcp_void_printf
 .text.xcpCopyTimeValue
                0x08003236       0x26 xcp_ext_common.o
 *fill*         0x0800325c        0x4 
 .text.xcpExtModeUpdateTime
                0x08003260      0x13c xcp_ext_common.o
                0x08003260                xcpExtModeUpdateTime
 .text.xcpExtModeInit
                0x0800339c       0xb0 xcp_ext_common.o
                0x0800339c                xcpExtModeInit
 .text.xcpExtModeRunBackground
                0x0800344c      0x13c xcp_ext_common.o
                0x0800344c                xcpExtModeRunBackground
 .text.xcpExtModeReset
                0x08003588      0x128 xcp_ext_common.o
                0x08003588                xcpExtModeReset
 .text.sampleSignalTrigger
                0x080036b0      0x1b4 xcp_ext_classic_trigger.o
 .text.updateTriggerStatus
                0x08003864      0x2b8 xcp_ext_classic_trigger.o
 .text.xcpExtModeClassicTriggerInit
                0x08003b1c       0x68 xcp_ext_classic_trigger.o
                0x08003b1c                xcpExtModeClassicTriggerInit
 .text.xcpExtModeClassicTriggerEnabled
                0x08003b84      0x100 xcp_ext_classic_trigger.o
                0x08003b84                xcpExtModeClassicTriggerEnabled
 .text.xcpExtModeClassicTriggerReset
                0x08003c84       0xf4 xcp_ext_classic_trigger.o
                0x08003c84                xcpExtModeClassicTriggerReset
 .text.xcpExtModeClassicTriggerForceEnableStatusUpdate
                0x08003d78       0x78 xcp_ext_classic_trigger.o
                0x08003d78                xcpExtModeClassicTriggerForceEnableStatusUpdate
 .text.msgBufferRealloc
                0x08003df0       0x72 xcp.o
 *fill*         0x08003e62        0x2 
 .text.discardInputPacketHandler
                0x08003e64       0x3c xcp.o
 .text.unknownInputPacketHandler
                0x08003ea0       0x34 xcp.o
 .text.xcpGetPacketGroupID
                0x08003ed4       0x74 xcp.o
 .text.xcpGetPacketHandlers
                0x08003f48      0x124 xcp.o
 .text.xcpStatusSet
                0x0800406c       0x20 xcp.o
                0x0800406c                xcpStatusSet
 .text.xcpSessionStatusGet
                0x0800408c       0x18 xcp.o
                0x0800408c                xcpSessionStatusGet
 .text.xcpSessionStatusSetMask
                0x080040a4       0x28 xcp.o
                0x080040a4                xcpSessionStatusSetMask
 .text.xcpSessionStatusClearMask
                0x080040cc       0x34 xcp.o
                0x080040cc                xcpSessionStatusClearMask
 .text.xcpResourceProtectionStatusGet
                0x08004100       0x18 xcp.o
                0x08004100                xcpResourceProtectionStatusGet
 .text.xcpSessionConfigurationIdGet
                0x08004118       0x18 xcp.o
                0x08004118                xcpSessionConfigurationIdGet
 .text.genericOutputPacketHandler
                0x08004130      0x11c xcp.o
                0x08004130                genericOutputPacketHandler
 .text.xcpFindPacket
                0x0800424c       0x6e xcp.o
                0x0800424c                xcpFindPacket
 *fill*         0x080042ba        0x2 
 .text.xcpInit  0x080042bc       0x64 xcp.o
                0x080042bc                xcpInit
 .text.xcpRun   0x08004320      0x194 xcp.o
                0x08004320                xcpRun
 .text.xcpEvent
                0x080044b4       0x50 xcp.o
                0x080044b4                xcpEvent
 .text.xcpGetStatus
                0x08004504       0x18 xcp.o
                0x08004504                xcpGetStatus
 .text.xcpReset
                0x0800451c       0x40 xcp.o
                0x0800451c                xcpReset
 .text.xcpPackedModeEventsFlush
                0x0800455c       0x1e xcp.o
                0x0800455c                xcpPackedModeEventsFlush
 .text.xcpPackedModeEventReset
                0x0800457a       0x2a xcp.o
                0x0800457a                xcpPackedModeEventReset
 .text.isValidUploadSize
                0x080045a4       0x30 xcp_standard.o
 .text.xcpMemcpyFromMTA
                0x080045d4       0x38 xcp_standard.o
 .text.connectInputPacketHandler
                0x0800460c       0xa4 xcp_standard.o
 .text.connectOutputPacketHandler
                0x080046b0       0xd4 xcp_standard.o
 .text.disconnectInputPacketHandler
                0x08004784       0x54 xcp_standard.o
 .text.getStatusInputPacketHandler
                0x080047d8       0x28 xcp_standard.o
 .text.getStatusOutputPacketHandler
                0x08004800       0x80 xcp_standard.o
 .text.synchInputPacketHandler
                0x08004880       0x44 xcp_standard.o
 .text.setMTAInputPacketHandler
                0x080048c4       0x78 xcp_standard.o
 .text.uploadInputPacketHandler
                0x0800493c       0x98 xcp_standard.o
 .text.uploadOutputPacketHandler
                0x080049d4       0x9c xcp_standard.o
 .text.shortUploadInputPacketHandler
                0x08004a70       0xa4 xcp_standard.o
 .text.shortUploadOutputPacketHandler
                0x08004b14       0x9c xcp_standard.o
 .text.getPacket
                0x08004bb0       0x24 xcp_standard.o
 .text.xcpStandardInit
                0x08004bd4       0x18 xcp_standard.o
                0x08004bd4                xcpStandardInit
 .text.xcpStandardGetPacketLookup
                0x08004bec       0x18 xcp_standard.o
                0x08004bec                xcpStandardGetPacketLookup
 .text.xcpStandardSetPacketLookup
                0x08004c04       0x20 xcp_standard.o
                0x08004c04                xcpStandardSetPacketLookup
 .text.xcpStandardReset
                0x08004c24       0x12 xcp_standard.o
                0x08004c24                xcpStandardReset
 *fill*         0x08004c36        0x2 
 .text.xcpStandardGetAddressFromMta
                0x08004c38       0x18 xcp_standard.o
                0x08004c38                xcpStandardGetAddressFromMta
 .text.xcpStandardSetMta
                0x08004c50       0x3c xcp_standard.o
                0x08004c50                xcpStandardSetMta
 .text.xcpStandardIncrementMta
                0x08004c8c       0x28 xcp_standard.o
                0x08004c8c                xcpStandardIncrementMta
 .text.xcpStandardExtendedInit
                0x08004cb4        0xe xcp_standard.o
                0x08004cb4                xcpStandardExtendedInit
 .text.xcpStandardExtendedReset
                0x08004cc2        0xe xcp_standard.o
                0x08004cc2                xcpStandardExtendedReset
 .text.xcpDaqWriteLock
                0x08004cd0       0x4c xcp_daq.o
 .text.xcpDaqWriteUnlock
                0x08004d1c       0x20 xcp_daq.o
 .text.xcpDaqReadLock
                0x08004d3c       0x38 xcp_daq.o
 .text.xcpDaqReadUnlock
                0x08004d74       0x38 xcp_daq.o
 .text.isActiveDaqList
                0x08004dac       0x50 xcp_daq.o
 .text.noActiveDaqLists
                0x08004dfc       0x50 xcp_daq.o
 .text.isValidDaqPtr
                0x08004e4c       0xb8 xcp_daq.o
 .text.isValidDaqEntry
                0x08004f04       0x36 xcp_daq.o
 .text.isSupportedDaqListMode
                0x08004f3a       0x26 xcp_daq.o
 .text.isValidStartStopMode
                0x08004f60       0x32 xcp_daq.o
 .text.isValidStartStopSynchMode
                0x08004f92       0x32 xcp_daq.o
 .text.absoluteOdtNumberIdentification
                0x08004fc4       0x10 xcp_daq.o
 .text.isDaqPackedModeEnabled
                0x08004fd4       0x6c xcp_daq.o
 .text.odtPacketSize
                0x08005040       0x54 xcp_daq.o
 .text.createDaqReservedPool
                0x08005094       0x88 xcp_daq.o
 .text.destroyDaqReservedPool
                0x0800511c       0x2c xcp_daq.o
 .text.setDaqPtrInputPacketHandler
                0x08005148       0xdc xcp_daq.o
 .text.writeDaqInputPacketHandler
                0x08005224      0x198 xcp_daq.o
 .text.setDaqListModeInputPacketHandler
                0x080053bc      0x1c8 xcp_daq.o
 .text.startStopDaqListInputPacketHandler
                0x08005584      0x3f4 xcp_daq.o
 .text.startStopDaqListOutputPacketHandler
                0x08005978       0x5c xcp_daq.o
 .text.startStopSynchInputPacketHandler
                0x080059d4      0x328 xcp_daq.o
 .text.getDaqProcessorInfoInputPacketHandler
                0x08005cfc       0x28 xcp_daq.o
 .text.getDaqProcessorInfoOutputPacketHandler
                0x08005d24       0xac xcp_daq.o
 .text.getDaqResolutionInfoInputPacketHandler
                0x08005dd0       0x28 xcp_daq.o
 .text.getDaqResolutionInfoOutputPacketHandler
                0x08005df8       0xb8 xcp_daq.o
 .text.freeDaqInputPacketHandler
                0x08005eb0       0x5c xcp_daq.o
 .text.allocDaqInputPacketHandler
                0x08005f0c      0x18c xcp_daq.o
 .text.allocOdtInputPacketHandler
                0x08006098      0x1c0 xcp_daq.o
 .text.allocOdtEntryInputPacketHandler
                0x08006258      0x270 xcp_daq.o
 .text.getDaqClockInputPacketHandler
                0x080064c8       0x22 xcp_daq.o
 *fill*         0x080064ea        0x2 
 .text.setDaqPackedModeInputPacketHandler
                0x080064ec      0x21c xcp_daq.o
 .text.level1CommandInputPacketHandler
                0x08006708       0x64 xcp_daq.o
 .text.getPacket
                0x0800676c       0x24 xcp_daq.o
 .text.xcpDaqInit
                0x08006790       0x38 xcp_daq.o
                0x08006790                xcpDaqInit
 .text.xcpDaqGetPacketLookup
                0x080067c8       0x18 xcp_daq.o
                0x080067c8                xcpDaqGetPacketLookup
 .text.xcpDaqSetPacketLookup
                0x080067e0       0x20 xcp_daq.o
                0x080067e0                xcpDaqSetPacketLookup
 .text.xcpResetDaq
                0x08006800       0xa4 xcp_daq.o
 .text.daqWriteXCPDataForOdt
                0x080068a4       0x7c xcp_daq.o
 .text.odtWriteEntries
                0x08006920       0x9c xcp_daq.o
 .text.xcpProcessDaq
                0x080069bc      0x208 xcp_daq.o
 .text.xcpDaqEvent
                0x08006bc4      0x108 xcp_daq.o
                0x08006bc4                xcpDaqEvent
 .text.xcpDaqEventsFlush
                0x08006ccc      0x284 xcp_daq.o
                0x08006ccc                xcpDaqEventsFlush
 .text.xcpDaqLock
                0x08006f50       0x1e xcp_daq.o
                0x08006f50                xcpDaqLock
 .text.xcpDaqUnlock
                0x08006f6e        0xe xcp_daq.o
                0x08006f6e                xcpDaqUnlock
 .text.xcpResetDaqListStatus
                0x08006f7c      0x19c xcp_daq.o
                0x08006f7c                xcpResetDaqListStatus
 .text.xcpDaqReset
                0x08007118       0x20 xcp_daq.o
                0x08007118                xcpDaqReset
 .text.xcpDaqExtendedInit
                0x08007138        0xe xcp_daq.o
                0x08007138                xcpDaqExtendedInit
 .text.xcpDaqExtendedReset
                0x08007146        0xe xcp_daq.o
                0x08007146                xcpDaqExtendedReset
 .text.isValidShortDownloadSize
                0x08007154       0x34 xcp_calibration.o
 .text.isValidDownloadSize
                0x08007188       0x3a xcp_calibration.o
 *fill*         0x080071c2        0x2 
 .text.xcpMemcpyToMTA
                0x080071c4       0x34 xcp_calibration.o
 .text.downloadInputPacketHandler
                0x080071f8       0xb0 xcp_calibration.o
 .text.shortDownloadInputPacketHandler
                0x080072a8       0xb8 xcp_calibration.o
 .text.getPacket
                0x08007360       0x24 xcp_calibration.o
 .text.xcpCalibrationInit
                0x08007384       0x14 xcp_calibration.o
                0x08007384                xcpCalibrationInit
 .text.xcpCalibrationGetPacketLookup
                0x08007398       0x18 xcp_calibration.o
                0x08007398                xcpCalibrationGetPacketLookup
 .text.xcpCalibrationSetPacketLookup
                0x080073b0       0x20 xcp_calibration.o
                0x080073b0                xcpCalibrationSetPacketLookup
 .text.xcpCalibrationReset
                0x080073d0        0xe xcp_calibration.o
                0x080073d0                xcpCalibrationReset
 .text.xcpFifoInit
                0x080073de       0x20 xcp_fifo.o
                0x080073de                xcpFifoInit
 .text.xcpFifoEnqueue
                0x080073fe       0x2a xcp_fifo.o
                0x080073fe                xcpFifoEnqueue
 .text.xcpFifoDequeue
                0x08007428       0x3e xcp_fifo.o
                0x08007428                xcpFifoDequeue
 .text.xcpFifoEnqueueHead
                0x08007466       0x32 xcp_fifo.o
                0x08007466                xcpFifoEnqueueHead
 .text.xcpFifoReset
                0x08007498       0x16 xcp_fifo.o
                0x08007498                xcpFifoReset
 *fill*         0x080074ae        0x2 
 .text.xcpTransportEmptyTxFifo
                0x080074b0       0x6c xcp_transport.o
 .text.xcpTransportEmptyRxFifo
                0x0800751c       0x6c xcp_transport.o
 .text.xcpTransportInit
                0x08007588      0x138 xcp_transport.o
                0x08007588                xcpTransportInit
 .text.xcpTransportTxReady
                0x080076c0       0x1a xcp_transport.o
                0x080076c0                xcpTransportTxReady
 .text.xcpTransportTxTrigger
                0x080076da       0x1a xcp_transport.o
                0x080076da                xcpTransportTxTrigger
 .text.xcpTransportTxPacketSet
                0x080076f4      0x144 xcp_transport.o
                0x080076f4                xcpTransportTxPacketSet
 .text.xcpTransportTx
                0x08007838       0xec xcp_transport.o
                0x08007838                xcpTransportTx
 .text.xcpTransportRx
                0x08007924       0x80 xcp_transport.o
                0x08007924                xcpTransportRx
 .text.xcpTransportRxPacketGet
                0x080079a4      0x12c xcp_transport.o
                0x080079a4                xcpTransportRxPacketGet
 .text.xcpTransportPacketOffset
                0x08007ad0       0x20 xcp_transport.o
                0x08007ad0                xcpTransportPacketOffset
 .text.xcpTransportMsgBufferSize
                0x08007af0       0x70 xcp_transport.o
                0x08007af0                xcpTransportMsgBufferSize
 .text.xcpTransportMaxDtoSize
                0x08007b60        0xe xcp_transport.o
                0x08007b60                xcpTransportMaxDtoSize
 .text.xcpTransportMaxCtoSize
                0x08007b6e        0xe xcp_transport.o
                0x08007b6e                xcpTransportMaxCtoSize
 .text.xcpTransportRestart
                0x08007b7c       0x44 xcp_transport.o
                0x08007b7c                xcpTransportRestart
 .text.xcpTransportResynch
                0x08007bc0       0x40 xcp_transport.o
                0x08007bc0                xcpTransportResynch
 .text.xcpTransportCtoReservedMemPoolId
                0x08007c00       0x18 xcp_transport.o
                0x08007c00                xcpTransportCtoReservedMemPoolId
 .text.xcpTransportReset
                0x08007c18       0xe4 xcp_transport.o
                0x08007c18                xcpTransportReset
 .text.xcpInitializePoolMemoryArea
                0x08007cfc       0x72 xcp_mem_default.o
 *fill*         0x08007d6e        0x2 
 .text.xcpMemInit
                0x08007d70      0x1d4 xcp_mem_default.o
                0x08007d70                xcpMemInit
 .text.xcpMemAlloc
                0x08007f44       0xe8 xcp_mem_default.o
                0x08007f44                xcpMemAlloc
 .text.xcpMemFree
                0x0800802c      0x170 xcp_mem_default.o
                0x0800802c                xcpMemFree
 .text.xcpMemReservedPoolCreate
                0x0800819c      0x224 xcp_mem_default.o
                0x0800819c                xcpMemReservedPoolCreate
 .text.xcpMemReservedPoolDestroy
                0x080083c0      0x158 xcp_mem_default.o
                0x080083c0                xcpMemReservedPoolDestroy
 .text.xcpMemCustomPoolCreate
                0x08008518       0xbc xcp_mem_default.o
                0x08008518                xcpMemCustomPoolCreate
 .text.xcpMemCustomPoolDestroy
                0x080085d4       0x64 xcp_mem_default.o
                0x080085d4                xcpMemCustomPoolDestroy
 .text.xcpMemAllocFromPool
                0x08008638      0x170 xcp_mem_default.o
                0x08008638                xcpMemAllocFromPool
 .text.xcpMemReset
                0x080087a8       0x50 xcp_mem_default.o
                0x080087a8                xcpMemReset
 .text.xcpDrvOpen
                0x080087f8       0x64 xcp_drv_rtiostream.o
                0x080087f8                xcpDrvOpen
 .text.xcpDrvIoctl
                0x0800885c       0x4c xcp_drv_rtiostream.o
                0x0800885c                xcpDrvIoctl
 .text.xcpDrvSend
                0x080088a8      0x14c xcp_drv_rtiostream.o
                0x080088a8                xcpDrvSend
 .text.xcpDrvRecv
                0x080089f4      0x14c xcp_drv_rtiostream.o
                0x080089f4                xcpDrvRecv
 .text.xcpDrvClose
                0x08008b40       0x5c xcp_drv_rtiostream.o
                0x08008b40                xcpDrvClose
 .text.xcpSortArray
                0x08008b9c       0xcc xcp_utils.o
                0x08008b9c                xcpSortArray
 .text.xcpSxiHtons
                0x08008c68       0x18 xcp_frame_serial.o
 .text.xcpSxiNtohs
                0x08008c80       0x1c xcp_frame_serial.o
 .text.xcpSxiChecksum
                0x08008c9c       0x3e xcp_frame_serial.o
                0x08008c9c                xcpSxiChecksum
 *fill*         0x08008cda        0x2 
 .text.xcpFrameInit
                0x08008cdc       0x70 xcp_frame_serial.o
                0x08008cdc                xcpFrameInit
 .text.xcpFrameMsgSend
                0x08008d4c      0x188 xcp_frame_serial.o
                0x08008d4c                xcpFrameMsgSend
 .text.xcpFrameMsgRecv
                0x08008ed4      0x180 xcp_frame_serial.o
                0x08008ed4                xcpFrameMsgRecv
 .text.xcpFrameCreateMsg
                0x08009054       0x94 xcp_frame_serial.o
                0x08009054                xcpFrameCreateMsg
 .text.xcpFrameExtractPacket
                0x080090e8      0x158 xcp_frame_serial.o
                0x080090e8                xcpFrameExtractPacket
 .text.xcpFrameHeaderSize
                0x08009240       0x10 xcp_frame_serial.o
                0x08009240                xcpFrameHeaderSize
 .text.xcpFrameTailSize
                0x08009250       0x10 xcp_frame_serial.o
                0x08009250                xcpFrameTailSize
 .text.xcpFrameMaxDtoSize
                0x08009260       0x12 xcp_frame_serial.o
                0x08009260                xcpFrameMaxDtoSize
 .text.xcpFrameMaxCtoSize
                0x08009272       0x10 xcp_frame_serial.o
                0x08009272                xcpFrameMaxCtoSize
 *fill*         0x08009282        0x2 
 .text.xcpFrameRestart
                0x08009284       0x30 xcp_frame_serial.o
                0x08009284                xcpFrameRestart
 .text.xcpFrameSetCtoReservedMemPoolId
                0x080092b4       0x20 xcp_frame_serial.o
                0x080092b4                xcpFrameSetCtoReservedMemPoolId
 .text.xcpFrameReset
                0x080092d4       0x70 xcp_frame_serial.o
                0x080092d4                xcpFrameReset
 .text.xcpTransportGetInitParameters
                0x08009344       0x2e xcp_ext_param_default_serial.o
                0x08009344                xcpTransportGetInitParameters
 .text.xcpGetInitParameters
                0x08009372       0x2e xcp_ext_param_default_serial.o
                0x08009372                xcpGetInitParameters
 .text.HAL_Delay
                0x080093a0       0x2e overrideHALDelay.o
                0x080093a0                HAL_Delay
 *fill*         0x080093ce        0x2 
 .text.PeriphCommonClock_Config
                0x080093d0       0x10 platform_timer.o
                0x080093d0                PeriphCommonClock_Config
 .text.getCurrentTimestampInMicros
                0x080093e0       0x3c platform_timer.o
                0x080093e0                getCurrentTimestampInMicros
 .text.returnTimeElapsed
                0x0800941c       0x2c platform_timer.o
                0x0800941c                returnTimeElapsed
 .text.timestampInit
                0x08009448       0x28 platform_timer.o
 .text.getCurrentTimestamp
                0x08009470       0x44 platform_timer.o
                0x08009470                getCurrentTimestamp
 .text.__NVIC_SetPriority
                0x080094b4       0x54 SysTickScheduler.o
 .text.SysTick_Config
                0x08009508       0x44 SysTickScheduler.o
 .text.SysTick_Isr
                0x0800954c       0x48 SysTickScheduler.o
 .text.SysTick_Handler
                0x08009594       0x20 SysTickScheduler.o
                0x08009594                SysTick_Handler
 .text.ARMCM_SysTick_Config
                0x080095b4       0xb0 SysTickScheduler.o
                0x080095b4                ARMCM_SysTick_Config
 .text.PendSV_Handler
                0x08009664       0x44 m3m4m4f_multitasking.o
                0x08009664                PendSV_Handler
 .text.SVC_Handler
                0x080096a8       0x58 m3m4m4f_multitasking.o
                0x080096a8                SVC_Handler
 .text.rtIOStreamOpen
                0x08009700       0x44 rtiostream_serial.o
                0x08009700                rtIOStreamOpen
 .text.rtIOStreamSend
                0x08009744       0x38 rtiostream_serial.o
                0x08009744                rtIOStreamSend
 .text.rtIOStreamRecv
                0x0800977c       0x48 rtiostream_serial.o
                0x0800977c                rtIOStreamRecv
 .text.rtIOStreamClose
                0x080097c4       0x20 rtiostream_serial.o
                0x080097c4                rtIOStreamClose
 .text.LL_DMA_GetDataLength
                0x080097e4       0x30 stm_usart.o
 .text.getAvailableDataInBuffer
                0x08009814       0xcc stm_usart.o
                0x08009814                getAvailableDataInBuffer
 .text.getBytesToBeReadFromBuffer
                0x080098e0       0x6e stm_usart.o
                0x080098e0                getBytesToBeReadFromBuffer
 *fill*         0x0800994e        0x2 
 .text.readDataFromBuffer
                0x08009950       0xdc stm_usart.o
                0x08009950                readDataFromBuffer
 .text.__NVIC_GetPriorityGrouping
                0x08009a2c       0x1c stm_lpuart.o
 .text.__NVIC_EnableIRQ
                0x08009a48       0x3c stm_lpuart.o
 .text.__NVIC_SetPriority
                0x08009a84       0x54 stm_lpuart.o
 .text.NVIC_EncodePriority
                0x08009ad8       0x66 stm_lpuart.o
 *fill*         0x08009b3e        0x2 
 .text.LL_DMA_EnableChannel
                0x08009b40       0x44 stm_lpuart.o
 .text.LL_DMA_DisableChannel
                0x08009b84       0x44 stm_lpuart.o
 .text.LL_DMA_GetMode
                0x08009bc8       0x34 stm_lpuart.o
 .text.LL_DMA_SetDataLength
                0x08009bfc       0x4c stm_lpuart.o
 .text.LL_DMA_ConfigAddresses
                0x08009c48       0x7c stm_lpuart.o
 .text.LL_DMA_IsActiveFlag_TC1
                0x08009cc4       0x26 stm_lpuart.o
 .text.LL_DMA_ClearFlag_TC1
                0x08009cea       0x1a stm_lpuart.o
 .text.LL_DMA_EnableIT_TC
                0x08009d04       0x44 stm_lpuart.o
 .text.LL_DMA_DisableIT_TC
                0x08009d48       0x44 stm_lpuart.o
 .text.LL_DMA_IsEnabledIT_TC
                0x08009d8c       0x3c stm_lpuart.o
 .text.LL_LPUART_Enable
                0x08009dc8       0x20 stm_lpuart.o
 .text.LL_LPUART_Disable
                0x08009de8       0x20 stm_lpuart.o
 .text.LL_LPUART_IsEnabled
                0x08009e08       0x26 stm_lpuart.o
 .text.LL_LPUART_IsActiveFlag_PE
                0x08009e2e       0x26 stm_lpuart.o
 .text.LL_LPUART_IsActiveFlag_FE
                0x08009e54       0x26 stm_lpuart.o
 .text.LL_LPUART_IsActiveFlag_NE
                0x08009e7a       0x26 stm_lpuart.o
 .text.LL_LPUART_IsActiveFlag_ORE
                0x08009ea0       0x26 stm_lpuart.o
 .text.LL_LPUART_IsActiveFlag_TC
                0x08009ec6       0x26 stm_lpuart.o
 .text.LL_LPUART_IsActiveFlag_TXE_TXFNF
                0x08009eec       0x26 stm_lpuart.o
 .text.LL_LPUART_ClearFlag_PE
                0x08009f12       0x1a stm_lpuart.o
 .text.LL_LPUART_ClearFlag_FE
                0x08009f2c       0x1a stm_lpuart.o
 .text.LL_LPUART_ClearFlag_NE
                0x08009f46       0x1a stm_lpuart.o
 .text.LL_LPUART_ClearFlag_ORE
                0x08009f60       0x1a stm_lpuart.o
 .text.LL_LPUART_EnableIT_RXNE_RXFNE
                0x08009f7a       0x42 stm_lpuart.o
 .text.LL_LPUART_EnableIT_PE
                0x08009fbc       0x42 stm_lpuart.o
 .text.LL_LPUART_EnableIT_ERROR
                0x08009ffe       0x46 stm_lpuart.o
 .text.LL_LPUART_DisableIT_RXNE_RXFNE
                0x0800a044       0x42 stm_lpuart.o
 .text.LL_LPUART_DisableIT_TXE_TXFNF
                0x0800a086       0x42 stm_lpuart.o
 .text.LL_LPUART_DisableIT_PE
                0x0800a0c8       0x42 stm_lpuart.o
 .text.LL_LPUART_DisableIT_ERROR
                0x0800a10a       0x46 stm_lpuart.o
 .text.LL_LPUART_EnableDMAReq_RX
                0x0800a150       0x46 stm_lpuart.o
 .text.LL_LPUART_DisableDMAReq_RX
                0x0800a196       0x46 stm_lpuart.o
 .text.LL_LPUART_EnableDMAReq_TX
                0x0800a1dc       0x46 stm_lpuart.o
 .text.LL_LPUART_DisableDMAReq_TX
                0x0800a222       0x46 stm_lpuart.o
 .text.LL_LPUART_DMA_GetRegAddr
                0x0800a268       0x2c stm_lpuart.o
 .text.LL_LPUART_ReceiveData8
                0x0800a294       0x1a stm_lpuart.o
 .text.LL_LPUART_TransmitData8
                0x0800a2ae       0x1e stm_lpuart.o
 .text.LPUART_RXDMAInterruptHandler
                0x0800a2cc       0xd4 stm_lpuart.o
                0x0800a2cc                LPUART_RXDMAInterruptHandler
 .text.LPUART_IsActiveFlagError
                0x0800a3a0       0xf4 stm_lpuart.o
                0x0800a3a0                LPUART_IsActiveFlagError
 .text.LPUART1_IRQHandler
                0x0800a494       0x14 stm_lpuart.o
                0x0800a494                LPUART1_IRQHandler
 .text.DMA1_Channel1_IRQHandler
                0x0800a4a8       0x20 stm_lpuart.o
                0x0800a4a8                DMA1_Channel1_IRQHandler
 .text.LPUART_ConfigureReceiveDMA
                0x0800a4c8       0xae stm_lpuart.o
                0x0800a4c8                LPUART_ConfigureReceiveDMA
 .text.LPUART_ConfigureTransmitDMA
                0x0800a576       0x7a stm_lpuart.o
                0x0800a576                LPUART_ConfigureTransmitDMA
 .text.MW_LPUART_GetReadErrorStatus
                0x0800a5f0       0xc8 stm_lpuart.o
                0x0800a5f0                MW_LPUART_GetReadErrorStatus
 .text.MW_LPUART_Initialize
                0x0800a6b8      0x170 stm_lpuart.o
                0x0800a6b8                MW_LPUART_Initialize
 .text.MW_LPUART_ReceiveUsingBuffer
                0x0800a828       0x5c stm_lpuart.o
                0x0800a828                MW_LPUART_ReceiveUsingBuffer
 .text.MW_LPUART_TransmitUsingPolling
                0x0800a884      0x184 stm_lpuart.o
                0x0800a884                MW_LPUART_TransmitUsingPolling
 .text.MW_LPUART_DeInit
                0x0800aa08       0xaa stm_lpuart.o
                0x0800aa08                MW_LPUART_DeInit
 .text.sys_arch_protect
                0x0800aab2       0x22 sys_arch.o
                0x0800aab2                sys_arch_protect
 .text.sys_arch_unprotect
                0x0800aad4       0x20 sys_arch.o
                0x0800aad4                sys_arch_unprotect
 .text.__NVIC_GetPriorityGrouping
                0x0800aaf4       0x1c main.o
 .text.__NVIC_EnableIRQ
                0x0800ab10       0x3c main.o
 .text.__NVIC_SetPriority
                0x0800ab4c       0x54 main.o
 .text.NVIC_EncodePriority
                0x0800aba0       0x66 main.o
 *fill*         0x0800ac06        0x2 
 .text.LL_DMA_SetDataTransferDirection
                0x0800ac08       0x50 main.o
 .text.LL_DMA_SetMode
                0x0800ac58       0x4c main.o
 .text.LL_DMA_SetPeriphIncMode
                0x0800aca4       0x4c main.o
 .text.LL_DMA_SetMemoryIncMode
                0x0800acf0       0x4c main.o
 .text.LL_DMA_SetPeriphSize
                0x0800ad3c       0x4c main.o
 .text.LL_DMA_SetMemorySize
                0x0800ad88       0x4c main.o
 .text.LL_DMA_SetChannelPriorityLevel
                0x0800add4       0x4c main.o
 .text.LL_DMA_SetPeriphRequest
                0x0800ae20       0x54 main.o
 .text.LL_LPUART_Enable
                0x0800ae74       0x20 main.o
 .text.LL_LPUART_DisableFIFO
                0x0800ae94       0x20 main.o
 .text.LL_LPUART_SetTXFIFOThreshold
                0x0800aeb4       0x4e main.o
 .text.LL_LPUART_SetRXFIFOThreshold
                0x0800af02       0x4e main.o
 .text.LL_LPUART_IsActiveFlag_TEACK
                0x0800af50       0x28 main.o
 .text.LL_LPUART_IsActiveFlag_REACK
                0x0800af78       0x28 main.o
 .text.LL_RCC_HSI_Enable
                0x0800afa0       0x20 main.o
 .text.LL_RCC_HSI_IsReady
                0x0800afc0       0x28 main.o
 .text.LL_RCC_HSI_SetCalibTrimming
                0x0800afe8       0x2c main.o
 .text.LL_RCC_SetSysClkSource
                0x0800b014       0x28 main.o
 .text.LL_RCC_GetSysClkSource
                0x0800b03c       0x1c main.o
 .text.LL_RCC_SetAHBPrescaler
                0x0800b058       0x28 main.o
 .text.LL_RCC_SetAPB1Prescaler
                0x0800b080       0x28 main.o
 .text.LL_RCC_SetAPB2Prescaler
                0x0800b0a8       0x28 main.o
 .text.LL_RCC_SetLPUARTClockSource
                0x0800b0d0       0x2c main.o
 .text.LL_RCC_PLL_Enable
                0x0800b0fc       0x20 main.o
 .text.LL_RCC_PLL_IsReady
                0x0800b11c       0x28 main.o
 .text.LL_RCC_PLL_ConfigDomain_SYS
                0x0800b144       0x40 main.o
 .text.LL_RCC_PLL_EnableDomain_SYS
                0x0800b184       0x20 main.o
 .text.LL_AHB1_GRP1_EnableClock
                0x0800b1a4       0x30 main.o
 .text.LL_AHB2_GRP1_EnableClock
                0x0800b1d4       0x30 main.o
 .text.LL_APB1_GRP1_EnableClock
                0x0800b204       0x30 main.o
 .text.LL_APB1_GRP2_EnableClock
                0x0800b234       0x30 main.o
 .text.LL_APB2_GRP1_EnableClock
                0x0800b264       0x30 main.o
 .text.LL_SYSCFG_SetEXTISource
                0x0800b294       0x70 main.o
 .text.LL_FLASH_SetLatency
                0x0800b304       0x28 main.o
 .text.LL_FLASH_GetLatency
                0x0800b32c       0x1c main.o
 .text.LL_PWR_EnableRange1BoostMode
                0x0800b348       0x24 main.o
 .text.LL_TIM_DisableARRPreload
                0x0800b36c       0x20 main.o
 .text.LL_TIM_IC_SetActiveInput
                0x0800b38c       0xc0 main.o
 .text.LL_TIM_IC_SetPrescaler
                0x0800b44c       0xc0 main.o
 .text.LL_TIM_IC_SetFilter
                0x0800b50c       0xc0 main.o
 .text.LL_TIM_IC_SetPolarity
                0x0800b5cc       0xac main.o
 .text.LL_TIM_SetEncoderMode
                0x0800b678       0x2a main.o
 .text.LL_TIM_SetTriggerOutput
                0x0800b6a2       0x2a main.o
 .text.LL_TIM_SetTriggerOutput2
                0x0800b6cc       0x26 main.o
 .text.LL_TIM_DisableMasterSlaveMode
                0x0800b6f2       0x20 main.o
 .text.LL_GPIO_SetPinMode
                0x0800b712       0x7a main.o
 .text.LL_GPIO_SetPinPull
                0x0800b78c       0x7a main.o
 .text.LL_GPIO_ResetOutputPin
                0x0800b806       0x1c main.o
 *fill*         0x0800b822        0x2 
 .text.SystemClock_Config
                0x0800b824       0xb0 main.o
                0x0800b824                SystemClock_Config
 .text.MX_LPUART1_UART_Init
                0x0800b8d4      0x148 main.o
                0x0800b8d4                MX_LPUART1_UART_Init
 .text.MX_TIM3_Init
                0x0800ba1c      0x114 main.o
                0x0800ba1c                MX_TIM3_Init
 .text.MX_TIM4_Init
                0x0800bb30      0x118 main.o
                0x0800bb30                MX_TIM4_Init
 .text.MX_TIM8_Init
                0x0800bc48      0x128 main.o
                0x0800bc48                MX_TIM8_Init
 .text.MX_DMA_Init
                0x0800bd70       0x34 main.o
                0x0800bd70                MX_DMA_Init
 .text.MX_GPIO_Init
                0x0800bda4      0x108 main.o
                0x0800bda4                MX_GPIO_Init
 .text.HAL_TIM_PeriodElapsedCallback
                0x0800beac       0x1e main.o
                0x0800beac                HAL_TIM_PeriodElapsedCallback
 .text.Error_Handler
                0x0800beca        0xc main.o
                0x0800beca                Error_Handler
 *fill*         0x0800bed6        0x2 
 .text.LL_EXTI_IsActiveFlag_0_31
                0x0800bed8       0x2c stm32g4xx_it.o
 .text.LL_EXTI_ClearFlag_0_31
                0x0800bf04       0x20 stm32g4xx_it.o
 .text.NMI_Handler
                0x0800bf24        0x8 stm32g4xx_it.o
                0x0800bf24                NMI_Handler
 .text.HardFault_Handler
                0x0800bf2c        0x8 stm32g4xx_it.o
                0x0800bf2c                HardFault_Handler
 .text.MemManage_Handler
                0x0800bf34        0x8 stm32g4xx_it.o
                0x0800bf34                MemManage_Handler
 .text.BusFault_Handler
                0x0800bf3c        0x8 stm32g4xx_it.o
                0x0800bf3c                BusFault_Handler
 .text.UsageFault_Handler
                0x0800bf44        0x8 stm32g4xx_it.o
                0x0800bf44                UsageFault_Handler
 .text.DebugMon_Handler
                0x0800bf4c        0xe stm32g4xx_it.o
                0x0800bf4c                DebugMon_Handler
 *fill*         0x0800bf5a        0x2 
 .text.TIM2_IRQHandler
                0x0800bf5c       0x14 stm32g4xx_it.o
                0x0800bf5c                TIM2_IRQHandler
 .text.EXTI15_10_IRQHandler
                0x0800bf70       0x1e stm32g4xx_it.o
                0x0800bf70                EXTI15_10_IRQHandler
 *fill*         0x0800bf8e        0x2 
 .text.HAL_MspInit
                0x0800bf90       0x48 stm32g4xx_hal_msp.o
                0x0800bf90                HAL_MspInit
 .text.HAL_InitTick
                0x0800bfd8       0xd8 stm32g4xx_hal_timebase_tim.o
                0x0800bfd8                HAL_InitTick
 .text.LL_SetSystemCoreClock
                0x0800c0b0       0x20 stm32g4xx_ll_utils.o
                0x0800c0b0                LL_SetSystemCoreClock
 .text.LL_EXTI_EnableIT_0_31
                0x0800c0d0       0x24 stm32g4xx_ll_exti.o
 .text.LL_EXTI_EnableIT_32_63
                0x0800c0f4       0x24 stm32g4xx_ll_exti.o
 .text.LL_EXTI_DisableIT_0_31
                0x0800c118       0x28 stm32g4xx_ll_exti.o
 .text.LL_EXTI_DisableIT_32_63
                0x0800c140       0x28 stm32g4xx_ll_exti.o
 .text.LL_EXTI_EnableEvent_0_31
                0x0800c168       0x24 stm32g4xx_ll_exti.o
 .text.LL_EXTI_EnableEvent_32_63
                0x0800c18c       0x24 stm32g4xx_ll_exti.o
 .text.LL_EXTI_DisableEvent_0_31
                0x0800c1b0       0x28 stm32g4xx_ll_exti.o
 .text.LL_EXTI_DisableEvent_32_63
                0x0800c1d8       0x28 stm32g4xx_ll_exti.o
 .text.LL_EXTI_EnableRisingTrig_0_31
                0x0800c200       0x24 stm32g4xx_ll_exti.o
 .text.LL_EXTI_EnableRisingTrig_32_63
                0x0800c224       0x24 stm32g4xx_ll_exti.o
 .text.LL_EXTI_DisableRisingTrig_0_31
                0x0800c248       0x28 stm32g4xx_ll_exti.o
 .text.LL_EXTI_DisableRisingTrig_32_63
                0x0800c270       0x28 stm32g4xx_ll_exti.o
 .text.LL_EXTI_EnableFallingTrig_0_31
                0x0800c298       0x24 stm32g4xx_ll_exti.o
 .text.LL_EXTI_EnableFallingTrig_32_63
                0x0800c2bc       0x24 stm32g4xx_ll_exti.o
 .text.LL_EXTI_DisableFallingTrig_0_31
                0x0800c2e0       0x28 stm32g4xx_ll_exti.o
 .text.LL_EXTI_DisableFallingTrig_32_63
                0x0800c308       0x28 stm32g4xx_ll_exti.o
 .text.LL_EXTI_Init
                0x0800c330      0x1ec stm32g4xx_ll_exti.o
                0x0800c330                LL_EXTI_Init
 .text.LL_GPIO_SetPinMode
                0x0800c51c       0x7a stm32g4xx_ll_gpio.o
 .text.LL_GPIO_SetPinOutputType
                0x0800c596       0x30 stm32g4xx_ll_gpio.o
 .text.LL_GPIO_SetPinSpeed
                0x0800c5c6       0x7a stm32g4xx_ll_gpio.o
 .text.LL_GPIO_SetPinPull
                0x0800c640       0x7a stm32g4xx_ll_gpio.o
 .text.LL_GPIO_SetAFPin_0_7
                0x0800c6ba       0x7a stm32g4xx_ll_gpio.o
 .text.LL_GPIO_SetAFPin_8_15
                0x0800c734       0x7e stm32g4xx_ll_gpio.o
 .text.LL_GPIO_Init
                0x0800c7b2       0xdc stm32g4xx_ll_gpio.o
                0x0800c7b2                LL_GPIO_Init
 .text.LL_LPUART_IsEnabled
                0x0800c88e       0x26 stm32g4xx_ll_lpuart.o
 .text.LL_LPUART_SetPrescaler
                0x0800c8b4       0x28 stm32g4xx_ll_lpuart.o
 .text.LL_LPUART_SetStopBitsLength
                0x0800c8dc       0x26 stm32g4xx_ll_lpuart.o
 .text.LL_LPUART_SetHWFlowCtrl
                0x0800c902       0x26 stm32g4xx_ll_lpuart.o
 .text.LL_LPUART_SetBaudRate
                0x0800c928       0x98 stm32g4xx_ll_lpuart.o
 .text.LL_LPUART_Init
                0x0800c9c0       0x98 stm32g4xx_ll_lpuart.o
                0x0800c9c0                LL_LPUART_Init
 .text.LL_RCC_HSI_IsReady
                0x0800ca58       0x28 stm32g4xx_ll_rcc.o
 .text.LL_RCC_LSE_IsReady
                0x0800ca80       0x28 stm32g4xx_ll_rcc.o
 .text.LL_RCC_GetSysClkSource
                0x0800caa8       0x1c stm32g4xx_ll_rcc.o
 .text.LL_RCC_GetAHBPrescaler
                0x0800cac4       0x1c stm32g4xx_ll_rcc.o
 .text.LL_RCC_GetAPB1Prescaler
                0x0800cae0       0x1c stm32g4xx_ll_rcc.o
 .text.LL_RCC_GetLPUARTClockSource
                0x0800cafc       0x24 stm32g4xx_ll_rcc.o
 .text.LL_RCC_PLL_GetMainSource
                0x0800cb20       0x1c stm32g4xx_ll_rcc.o
 .text.LL_RCC_PLL_GetN
                0x0800cb3c       0x1c stm32g4xx_ll_rcc.o
 .text.LL_RCC_PLL_GetR
                0x0800cb58       0x1c stm32g4xx_ll_rcc.o
 .text.LL_RCC_PLL_GetDivider
                0x0800cb74       0x1c stm32g4xx_ll_rcc.o
 .text.LL_RCC_GetLPUARTClockFreq
                0x0800cb90       0x84 stm32g4xx_ll_rcc.o
                0x0800cb90                LL_RCC_GetLPUARTClockFreq
 .text.RCC_GetSystemClockFreq
                0x0800cc14       0x4c stm32g4xx_ll_rcc.o
 .text.RCC_GetHCLKClockFreq
                0x0800cc60       0x30 stm32g4xx_ll_rcc.o
 .text.RCC_GetPCLK1ClockFreq
                0x0800cc90       0x2c stm32g4xx_ll_rcc.o
 .text.RCC_PLL_GetFreqDomain_SYS
                0x0800ccbc       0x68 stm32g4xx_ll_rcc.o
 .text.HAL_Init
                0x0800cd24       0x30 stm32g4xx_hal.o
                0x0800cd24                HAL_Init
 .text.HAL_IncTick
                0x0800cd54       0x24 stm32g4xx_hal.o
                0x0800cd54                HAL_IncTick
 .text.HAL_GetTick
                0x0800cd78       0x18 stm32g4xx_hal.o
                0x0800cd78                HAL_GetTick
 .text.HAL_RCC_GetHCLKFreq
                0x0800cd90       0x18 stm32g4xx_hal_rcc.o
                0x0800cd90                HAL_RCC_GetHCLKFreq
 .text.HAL_RCC_GetPCLK1Freq
                0x0800cda8       0x2c stm32g4xx_hal_rcc.o
                0x0800cda8                HAL_RCC_GetPCLK1Freq
 .text.HAL_RCC_GetClockConfig
                0x0800cdd4       0x64 stm32g4xx_hal_rcc.o
                0x0800cdd4                HAL_RCC_GetClockConfig
 .text.HAL_PWREx_DisableUCPDDeadBattery
                0x0800ce38       0x20 stm32g4xx_hal_pwr_ex.o
                0x0800ce38                HAL_PWREx_DisableUCPDDeadBattery
 .text.__NVIC_SetPriorityGrouping
                0x0800ce58       0x48 stm32g4xx_hal_cortex.o
 .text.__NVIC_GetPriorityGrouping
                0x0800cea0       0x1c stm32g4xx_hal_cortex.o
 .text.__NVIC_EnableIRQ
                0x0800cebc       0x3c stm32g4xx_hal_cortex.o
 .text.__NVIC_SetPriority
                0x0800cef8       0x54 stm32g4xx_hal_cortex.o
 .text.NVIC_EncodePriority
                0x0800cf4c       0x66 stm32g4xx_hal_cortex.o
 .text.HAL_NVIC_SetPriorityGrouping
                0x0800cfb2       0x16 stm32g4xx_hal_cortex.o
                0x0800cfb2                HAL_NVIC_SetPriorityGrouping
 .text.HAL_NVIC_SetPriority
                0x0800cfc8       0x34 stm32g4xx_hal_cortex.o
                0x0800cfc8                HAL_NVIC_SetPriority
 .text.HAL_NVIC_EnableIRQ
                0x0800cffc       0x1c stm32g4xx_hal_cortex.o
                0x0800cffc                HAL_NVIC_EnableIRQ
 .text.HAL_TIM_Base_Init
                0x0800d018       0xae stm32g4xx_hal_tim.o
                0x0800d018                HAL_TIM_Base_Init
 .text.HAL_TIM_Base_MspInit
                0x0800d0c6       0x14 stm32g4xx_hal_tim.o
                0x0800d0c6                HAL_TIM_Base_MspInit
 *fill*         0x0800d0da        0x2 
 .text.HAL_TIM_Base_Start_IT
                0x0800d0dc       0xf0 stm32g4xx_hal_tim.o
                0x0800d0dc                HAL_TIM_Base_Start_IT
 .text.HAL_TIM_IRQHandler
                0x0800d1cc      0x2fe stm32g4xx_hal_tim.o
                0x0800d1cc                HAL_TIM_IRQHandler
 .text.HAL_TIM_OC_DelayElapsedCallback
                0x0800d4ca       0x14 stm32g4xx_hal_tim.o
                0x0800d4ca                HAL_TIM_OC_DelayElapsedCallback
 .text.HAL_TIM_IC_CaptureCallback
                0x0800d4de       0x14 stm32g4xx_hal_tim.o
                0x0800d4de                HAL_TIM_IC_CaptureCallback
 .text.HAL_TIM_PWM_PulseFinishedCallback
                0x0800d4f2       0x14 stm32g4xx_hal_tim.o
                0x0800d4f2                HAL_TIM_PWM_PulseFinishedCallback
 .text.HAL_TIM_TriggerCallback
                0x0800d506       0x14 stm32g4xx_hal_tim.o
                0x0800d506                HAL_TIM_TriggerCallback
 *fill*         0x0800d51a        0x2 
 .text.TIM_Base_SetConfig
                0x0800d51c      0x150 stm32g4xx_hal_tim.o
                0x0800d51c                TIM_Base_SetConfig
 .text.HAL_TIMEx_CommutCallback
                0x0800d66c       0x14 stm32g4xx_hal_tim_ex.o
                0x0800d66c                HAL_TIMEx_CommutCallback
 .text.HAL_TIMEx_BreakCallback
                0x0800d680       0x14 stm32g4xx_hal_tim_ex.o
                0x0800d680                HAL_TIMEx_BreakCallback
 .text.HAL_TIMEx_Break2Callback
                0x0800d694       0x14 stm32g4xx_hal_tim_ex.o
                0x0800d694                HAL_TIMEx_Break2Callback
 .text.HAL_TIMEx_EncoderIndexCallback
                0x0800d6a8       0x14 stm32g4xx_hal_tim_ex.o
                0x0800d6a8                HAL_TIMEx_EncoderIndexCallback
 .text.HAL_TIMEx_DirectionChangeCallback
                0x0800d6bc       0x14 stm32g4xx_hal_tim_ex.o
                0x0800d6bc                HAL_TIMEx_DirectionChangeCallback
 .text.HAL_TIMEx_IndexErrorCallback
                0x0800d6d0       0x14 stm32g4xx_hal_tim_ex.o
                0x0800d6d0                HAL_TIMEx_IndexErrorCallback
 .text.HAL_TIMEx_TransitionErrorCallback
                0x0800d6e4       0x14 stm32g4xx_hal_tim_ex.o
                0x0800d6e4                HAL_TIMEx_TransitionErrorCallback
 .text.LL_TIM_SetPrescaler
                0x0800d6f8       0x1c stm32g4xx_ll_tim.o
 .text.LL_TIM_SetAutoReload
                0x0800d714       0x1c stm32g4xx_ll_tim.o
 .text.LL_TIM_SetRepetitionCounter
                0x0800d730       0x1c stm32g4xx_ll_tim.o
 .text.LL_TIM_GenerateEvent_UPDATE
                0x0800d74c       0x20 stm32g4xx_ll_tim.o
 .text.LL_TIM_Init
                0x0800d76c      0x144 stm32g4xx_ll_tim.o
                0x0800d76c                LL_TIM_Init
 .text.SystemInit
                0x0800d8b0       0x24 system_stm32g4xx.o
                0x0800d8b0                SystemInit
 .text.Reset_Handler
                0x0800d8d4       0x50 startup_stm32g474retx.o
                0x0800d8d4                Reset_Handler
 .text.Default_Handler
                0x0800d924        0x2 startup_stm32g474retx.o
                0x0800d924                RTC_Alarm_IRQHandler
                0x0800d924                EXTI2_IRQHandler
                0x0800d924                TIM8_TRG_COM_IRQHandler
                0x0800d924                TIM8_CC_IRQHandler
                0x0800d924                HRTIM1_Master_IRQHandler
                0x0800d924                SPI4_IRQHandler
                0x0800d924                FDCAN3_IT0_IRQHandler
                0x0800d924                TIM1_CC_IRQHandler
                0x0800d924                HRTIM1_FLT_IRQHandler
                0x0800d924                HRTIM1_TIMF_IRQHandler
                0x0800d924                USB_HP_IRQHandler
                0x0800d924                CORDIC_IRQHandler
                0x0800d924                HRTIM1_TIMD_IRQHandler
                0x0800d924                DMA2_Channel8_IRQHandler
                0x0800d924                EXTI3_IRQHandler
                0x0800d924                I2C3_ER_IRQHandler
                0x0800d924                EXTI0_IRQHandler
                0x0800d924                I2C2_EV_IRQHandler
                0x0800d924                FPU_IRQHandler
                0x0800d924                FDCAN1_IT1_IRQHandler
                0x0800d924                TIM1_UP_TIM16_IRQHandler
                0x0800d924                ADC1_2_IRQHandler
                0x0800d924                HRTIM1_TIME_IRQHandler
                0x0800d924                SPI1_IRQHandler
                0x0800d924                TIM6_DAC_IRQHandler
                0x0800d924                HRTIM1_TIMC_IRQHandler
                0x0800d924                TIM8_UP_IRQHandler
                0x0800d924                DMA2_Channel2_IRQHandler
                0x0800d924                DMA1_Channel4_IRQHandler
                0x0800d924                TIM20_TRG_COM_IRQHandler
                0x0800d924                USART3_IRQHandler
                0x0800d924                DMA1_Channel7_IRQHandler
                0x0800d924                UART5_IRQHandler
                0x0800d924                ADC3_IRQHandler
                0x0800d924                TIM4_IRQHandler
                0x0800d924                DMA2_Channel1_IRQHandler
                0x0800d924                QUADSPI_IRQHandler
                0x0800d924                I2C1_EV_IRQHandler
                0x0800d924                DMA1_Channel6_IRQHandler
                0x0800d924                UART4_IRQHandler
                0x0800d924                DMA2_Channel4_IRQHandler
                0x0800d924                TIM3_IRQHandler
                0x0800d924                RCC_IRQHandler
                0x0800d924                TIM20_UP_IRQHandler
                0x0800d924                Default_Handler
                0x0800d924                DMA2_Channel7_IRQHandler
                0x0800d924                RTC_TAMP_LSECSS_IRQHandler
                0x0800d924                FMAC_IRQHandler
                0x0800d924                DMA1_Channel8_IRQHandler
                0x0800d924                HRTIM1_TIMA_IRQHandler
                0x0800d924                TIM7_DAC_IRQHandler
                0x0800d924                FDCAN3_IT1_IRQHandler
                0x0800d924                TIM5_IRQHandler
                0x0800d924                UCPD1_IRQHandler
                0x0800d924                I2C3_EV_IRQHandler
                0x0800d924                EXTI9_5_IRQHandler
                0x0800d924                RTC_WKUP_IRQHandler
                0x0800d924                PVD_PVM_IRQHandler
                0x0800d924                SPI2_IRQHandler
                0x0800d924                ADC5_IRQHandler
                0x0800d924                DMA2_Channel5_IRQHandler
                0x0800d924                CRS_IRQHandler
                0x0800d924                DMA1_Channel5_IRQHandler
                0x0800d924                USB_LP_IRQHandler
                0x0800d924                EXTI4_IRQHandler
                0x0800d924                RNG_IRQHandler
                0x0800d924                HRTIM1_TIMB_IRQHandler
                0x0800d924                TIM1_TRG_COM_TIM17_IRQHandler
                0x0800d924                FDCAN2_IT1_IRQHandler
                0x0800d924                DMA1_Channel3_IRQHandler
                0x0800d924                ADC4_IRQHandler
                0x0800d924                WWDG_IRQHandler
                0x0800d924                I2C4_EV_IRQHandler
                0x0800d924                FDCAN2_IT0_IRQHandler
                0x0800d924                DMA2_Channel6_IRQHandler
                0x0800d924                FDCAN1_IT0_IRQHandler
                0x0800d924                COMP7_IRQHandler
                0x0800d924                COMP1_2_3_IRQHandler
                0x0800d924                EXTI1_IRQHandler
                0x0800d924                USART2_IRQHandler
                0x0800d924                COMP4_5_6_IRQHandler
                0x0800d924                TIM20_BRK_IRQHandler
                0x0800d924                I2C2_ER_IRQHandler
                0x0800d924                DMA1_Channel2_IRQHandler
                0x0800d924                TIM8_BRK_IRQHandler
                0x0800d924                FLASH_IRQHandler
                0x0800d924                TIM20_CC_IRQHandler
                0x0800d924                USART1_IRQHandler
                0x0800d924                SPI3_IRQHandler
                0x0800d924                I2C1_ER_IRQHandler
                0x0800d924                FMC_IRQHandler
                0x0800d924                LPTIM1_IRQHandler
                0x0800d924                DMAMUX_OVR_IRQHandler
                0x0800d924                I2C4_ER_IRQHandler
                0x0800d924                USBWakeUp_IRQHandler
                0x0800d924                SAI1_IRQHandler
                0x0800d924                DMA2_Channel3_IRQHandler
                0x0800d924                TIM1_BRK_TIM15_IRQHandler
 *fill*         0x0800d926        0x2 
 .text.fmod     0x0800d928       0x6c C:/ProgramData/MATLAB/SupportPackages/R2024b/3P.instrset/gnuarm-armcortex.instrset/win/bin/../lib/gcc/arm-none-eabi/13.2.1/thumb/v7e-m+fp/hard\libm.a(libm_a-w_fmod.o)
                0x0800d928                fmod
 .text.__ieee754_fmod
                0x0800d994      0x30c C:/ProgramData/MATLAB/SupportPackages/R2024b/3P.instrset/gnuarm-armcortex.instrset/win/bin/../lib/gcc/arm-none-eabi/13.2.1/thumb/v7e-m+fp/hard\libm.a(libm_a-e_fmod.o)
                0x0800d994                __ieee754_fmod
 .text.__udivmoddi4
                0x0800dca0      0x2bc C:/ProgramData/MATLAB/SupportPackages/R2024b/3P.instrset/gnuarm-armcortex.instrset/win/bin/../lib/gcc/arm-none-eabi/13.2.1/thumb/v7e-m+fp/hard\libgcc.a(_udivmoddi4.o)
                0x0800dca0                __udivmoddi4
 .text.memset   0x0800df5c       0x10 C:/ProgramData/MATLAB/SupportPackages/R2024b/3P.instrset/gnuarm-armcortex.instrset/win/bin/../lib/gcc/arm-none-eabi/13.2.1/thumb/v7e-m+fp/hard\libg_nano.a(libc_a-memset.o)
                0x0800df5c                memset
 .text.__errno  0x0800df6c        0xc C:/ProgramData/MATLAB/SupportPackages/R2024b/3P.instrset/gnuarm-armcortex.instrset/win/bin/../lib/gcc/arm-none-eabi/13.2.1/thumb/v7e-m+fp/hard\libg_nano.a(libc_a-errno.o)
                0x0800df6c                __errno
 .text.__libc_init_array
                0x0800df78       0x48 C:/ProgramData/MATLAB/SupportPackages/R2024b/3P.instrset/gnuarm-armcortex.instrset/win/bin/../lib/gcc/arm-none-eabi/13.2.1/thumb/v7e-m+fp/hard\libg_nano.a(libc_a-init.o)
                0x0800df78                __libc_init_array
 .text.memcpy   0x0800dfc0       0x1c C:/ProgramData/MATLAB/SupportPackages/R2024b/3P.instrset/gnuarm-armcortex.instrset/win/bin/../lib/gcc/arm-none-eabi/13.2.1/thumb/v7e-m+fp/hard\libg_nano.a(libc_a-memcpy-stub.o)
                0x0800dfc0                memcpy
 *(.glue_7)
 .glue_7        0x0800dfdc        0x0 linker stubs
 *(.glue_7t)
 .glue_7t       0x0800dfdc        0x0 linker stubs
 *(.eh_frame)
 .eh_frame      0x0800dfdc        0x0 C:/ProgramData/MATLAB/SupportPackages/R2024b/3P.instrset/gnuarm-armcortex.instrset/win/bin/../lib/gcc/arm-none-eabi/13.2.1/thumb/v7e-m+fp/hard/crtbegin.o
 *(.init)
 .init          0x0800dfdc        0x4 C:/ProgramData/MATLAB/SupportPackages/R2024b/3P.instrset/gnuarm-armcortex.instrset/win/bin/../lib/gcc/arm-none-eabi/13.2.1/thumb/v7e-m+fp/hard/crti.o
                0x0800dfdc                _init
 .init          0x0800dfe0        0x8 C:/ProgramData/MATLAB/SupportPackages/R2024b/3P.instrset/gnuarm-armcortex.instrset/win/bin/../lib/gcc/arm-none-eabi/13.2.1/thumb/v7e-m+fp/hard/crtn.o
 *(.fini)
 .fini          0x0800dfe8        0x4 C:/ProgramData/MATLAB/SupportPackages/R2024b/3P.instrset/gnuarm-armcortex.instrset/win/bin/../lib/gcc/arm-none-eabi/13.2.1/thumb/v7e-m+fp/hard/crti.o
                0x0800dfe8                _fini
 .fini          0x0800dfec        0x8 C:/ProgramData/MATLAB/SupportPackages/R2024b/3P.instrset/gnuarm-armcortex.instrset/win/bin/../lib/gcc/arm-none-eabi/13.2.1/thumb/v7e-m+fp/hard/crtn.o
                0x0800dff4                        . = ALIGN (0x4)
                0x0800dff4                        _etext = .

.vfp11_veneer   0x0800dff4        0x0
 .vfp11_veneer  0x0800dff4        0x0 linker stubs

.v4_bx          0x0800dff4        0x0
 .v4_bx         0x0800dff4        0x0 linker stubs

.iplt           0x0800dff4        0x0
 .iplt          0x0800dff4        0x0 C:/ProgramData/MATLAB/SupportPackages/R2024b/3P.instrset/gnuarm-armcortex.instrset/win/bin/../lib/gcc/arm-none-eabi/13.2.1/thumb/v7e-m+fp/hard/crtbegin.o

.rodata         0x0800dff8     0x2a18
                0x0800dff8                        . = ALIGN (0x4)
 *(.rodata)
 .rodata        0x0800dff8      0x2b9 xcp_ext_mode.o
 *fill*         0x0800e2b1        0x3 
 .rodata        0x0800e2b4      0x12e xcp_ext_common.o
 *fill*         0x0800e3e2        0x2 
 .rodata        0x0800e3e4       0x4c xcp_ext_classic_trigger.o
 .rodata        0x0800e430      0x278 xcp.o
 .rodata        0x0800e6a8      0x3a9 xcp_standard.o
 *fill*         0x0800ea51        0x3 
 .rodata        0x0800ea54     0x1010 xcp_daq.o
 .rodata        0x0800fa64       0xdd xcp_calibration.o
 *fill*         0x0800fb41        0x3 
 .rodata        0x0800fb44      0x56e xcp_transport.o
 *fill*         0x080100b2        0x2 
 .rodata        0x080100b4       0xf5 xcp_mem_default.o
 *fill*         0x080101a9        0x3 
 .rodata        0x080101ac      0x228 xcp_drv_rtiostream.o
 .rodata        0x080103d4      0x4aa xcp_frame_serial.o
 *(.rodata*)
 *fill*         0x0801087e        0x2 
 .rodata.QEI_Polling_M
                0x08010880        0x4 QEI_Polling.o
                0x08010880                QEI_Polling_M
 .rodata.rtAlwaysEnabled.0
                0x08010884        0x1 QEI_Polling.o
 *fill*         0x08010885        0x3 
 .rodata.standardSupportedRxPacket
                0x08010888       0x54 xcp_standard.o
 .rodata.daqSupportedRxPacket
                0x080108dc       0x9c xcp_daq.o
 .rodata.calibrationSupportedRxPacket
                0x08010978       0x18 xcp_calibration.o
 .rodata.CHANNEL_OFFSET_TAB
                0x08010990        0x8 stm_usart.o
 .rodata.CHANNEL_OFFSET_TAB
                0x08010998        0x8 stm_lpuart.o
 .rodata.CHANNEL_OFFSET_TAB
                0x080109a0        0x8 main.o
 .rodata.OFFSET_TAB_CCMRx
                0x080109a8        0xa main.o
 *fill*         0x080109b2        0x2 
 .rodata.SHIFT_TAB_ICxx
                0x080109b4        0xa main.o
 *fill*         0x080109be        0x2 
 .rodata.SHIFT_TAB_CCxP
                0x080109c0        0xa main.o
 *fill*         0x080109ca        0x2 
 .rodata.LPUART_PRESCALER_TAB
                0x080109cc       0x18 stm32g4xx_ll_lpuart.o
 .rodata.AHBPrescTable
                0x080109e4       0x10 system_stm32g4xx.o
                0x080109e4                AHBPrescTable
 .rodata.APBPrescTable
                0x080109f4        0x8 system_stm32g4xx.o
                0x080109f4                APBPrescTable
 *fill*         0x080109fc        0x4 
 .rodata.Zero   0x08010a00       0x10 C:/ProgramData/MATLAB/SupportPackages/R2024b/3P.instrset/gnuarm-armcortex.instrset/win/bin/../lib/gcc/arm-none-eabi/13.2.1/thumb/v7e-m+fp/hard\libm.a(libm_a-e_fmod.o)
                0x08010a10                        . = ALIGN (0x4)

.ARM.extab      0x08010a10        0x0
                0x08010a10                        . = ALIGN (0x4)
 *(.ARM.extab* .gnu.linkonce.armextab.*)
                0x08010a10                        . = ALIGN (0x4)

.ARM            0x08010a10        0x8
                0x08010a10                        . = ALIGN (0x4)
                0x08010a10                        __exidx_start = .
 *(.ARM.exidx*)
 .ARM.exidx.text.__udivmoddi4
                0x08010a10        0x8 C:/ProgramData/MATLAB/SupportPackages/R2024b/3P.instrset/gnuarm-armcortex.instrset/win/bin/../lib/gcc/arm-none-eabi/13.2.1/thumb/v7e-m+fp/hard\libgcc.a(_udivmoddi4.o)
                0x08010a18                        __exidx_end = .
                0x08010a18                        . = ALIGN (0x4)

.preinit_array  0x08010a18        0x0
                0x08010a18                        . = ALIGN (0x4)
                0x08010a18                        PROVIDE (__preinit_array_start = .)
 *(.preinit_array*)
                0x08010a18                        PROVIDE (__preinit_array_end = .)
                0x08010a18                        . = ALIGN (0x4)

.init_array     0x08010a18        0x4
                0x08010a18                        . = ALIGN (0x4)
                0x08010a18                        PROVIDE (__init_array_start = .)
 *(SORT_BY_NAME(.init_array.*))
 *(.init_array*)
 .init_array    0x08010a18        0x4 C:/ProgramData/MATLAB/SupportPackages/R2024b/3P.instrset/gnuarm-armcortex.instrset/win/bin/../lib/gcc/arm-none-eabi/13.2.1/thumb/v7e-m+fp/hard/crtbegin.o
                0x08010a1c                        PROVIDE (__init_array_end = .)
                0x08010a1c                        . = ALIGN (0x4)

.fini_array     0x08010a1c        0x4
                0x08010a1c                        . = ALIGN (0x4)
                [!provide]                        PROVIDE (__fini_array_start = .)
 *(SORT_BY_NAME(.fini_array.*))
 *(.fini_array*)
 .fini_array    0x08010a1c        0x4 C:/ProgramData/MATLAB/SupportPackages/R2024b/3P.instrset/gnuarm-armcortex.instrset/win/bin/../lib/gcc/arm-none-eabi/13.2.1/thumb/v7e-m+fp/hard/crtbegin.o
                [!provide]                        PROVIDE (__fini_array_end = .)
                0x08010a20                        . = ALIGN (0x4)
                0x08010a20                        _sidata = LOADADDR (.data)

.rel.dyn        0x08010a20        0x0
 .rel.iplt      0x08010a20        0x0 C:/ProgramData/MATLAB/SupportPackages/R2024b/3P.instrset/gnuarm-armcortex.instrset/win/bin/../lib/gcc/arm-none-eabi/13.2.1/thumb/v7e-m+fp/hard/crtbegin.o

.data           0x20000000       0xe4 load address 0x08010a20
                0x20000000                        . = ALIGN (0x4)
                0x20000000                        _sdata = .
 *(.data)
 *(.data*)
 .data.xcpExtmodeFinalSimulationTime
                0x20000000        0x8 xcp_ext_common.o
                0x20000000                xcpExtmodeFinalSimulationTime
 .data.xcpClassicTriggerDuration
                0x20000008        0x4 xcp_ext_classic_trigger.o
                0x20000008                xcpClassicTriggerDuration
 .data.xcpClassicTriggerArmRequest
                0x2000000c        0x1 xcp_ext_classic_trigger.o
                0x2000000c                xcpClassicTriggerArmRequest
 *fill*         0x2000000d        0x3 
 .data.startStopDaqListId
                0x20000010        0x4 xcp_daq.o
 .data.xcpCurrentDaq
                0x20000014        0x4 xcp_daq.o
 .data.xcpEventCustomMemoryManager
                0x20000018        0xc xcp_daq.o
 .data.xcpCtoReservedMemPoolId
                0x20000024        0x4 xcp_transport.o
 .data.xcpMemMainBlockSizes
                0x20000028        0xc xcp_mem_default.o
 .data.xcpMemMainBlocksNumber
                0x20000034        0xc xcp_mem_default.o
 .data.drvID    0x20000040        0x4 xcp_drv_rtiostream.o
 .data.xcpCtoReservedMemPoolId
                0x20000044        0x4 xcp_frame_serial.o
 .data.uartObj  0x20000048       0x40 rtiostream_serial.o
                0x20000048                uartObj
 .data.uwTickPrio
                0x20000088        0x4 stm32g4xx_hal.o
                0x20000088                uwTickPrio
 .data.uwTickFreq
                0x2000008c        0x4 stm32g4xx_hal.o
                0x2000008c                uwTickFreq
 .data.SystemCoreClock
                0x20000090        0x4 system_stm32g4xx.o
                0x20000090                SystemCoreClock
 .data._impure_ptr
                0x20000094        0x4 C:/ProgramData/MATLAB/SupportPackages/R2024b/3P.instrset/gnuarm-armcortex.instrset/win/bin/../lib/gcc/arm-none-eabi/13.2.1/thumb/v7e-m+fp/hard\libg_nano.a(libc_a-impure.o)
                0x20000094                _impure_ptr
 .data._impure_data
                0x20000098       0x4c C:/ProgramData/MATLAB/SupportPackages/R2024b/3P.instrset/gnuarm-armcortex.instrset/win/bin/../lib/gcc/arm-none-eabi/13.2.1/thumb/v7e-m+fp/hard\libg_nano.a(libc_a-impure.o)
                0x20000098                _impure_data
 *(.RamFunc)
 *(.RamFunc*)
                0x200000e4                        . = ALIGN (0x4)
                0x200000e4                        _edata = .

.tm_clone_table
                0x200000e4        0x0 load address 0x08010b04
 .tm_clone_table
                0x200000e4        0x0 C:/ProgramData/MATLAB/SupportPackages/R2024b/3P.instrset/gnuarm-armcortex.instrset/win/bin/../lib/gcc/arm-none-eabi/13.2.1/thumb/v7e-m+fp/hard/crtbegin.o
 .tm_clone_table
                0x200000e4        0x0 C:/ProgramData/MATLAB/SupportPackages/R2024b/3P.instrset/gnuarm-armcortex.instrset/win/bin/../lib/gcc/arm-none-eabi/13.2.1/thumb/v7e-m+fp/hard/crtend.o

.igot.plt       0x200000e4        0x0 load address 0x08010b04
 .igot.plt      0x200000e4        0x0 C:/ProgramData/MATLAB/SupportPackages/R2024b/3P.instrset/gnuarm-armcortex.instrset/win/bin/../lib/gcc/arm-none-eabi/13.2.1/thumb/v7e-m+fp/hard/crtbegin.o
                0x200000e4                        . = ALIGN (0x4)

.bss            0x200000e8     0x27bc load address 0x08010b04
                0x200000e8                        _sbss = .
                0x200000e8                        __bss_start__ = _sbss
 *(.bss)
 *(.bss*)
 .bss.completed.1
                0x200000e8        0x1 C:/ProgramData/MATLAB/SupportPackages/R2024b/3P.instrset/gnuarm-armcortex.instrset/win/bin/../lib/gcc/arm-none-eabi/13.2.1/thumb/v7e-m+fp/hard/crtbegin.o
 *fill*         0x200000e9        0x3 
 .bss.object.0  0x200000ec       0x18 C:/ProgramData/MATLAB/SupportPackages/R2024b/3P.instrset/gnuarm-armcortex.instrset/win/bin/../lib/gcc/arm-none-eabi/13.2.1/thumb/v7e-m+fp/hard/crtbegin.o
 .bss.mw_tim3   0x20000104       0x8c stm_timer_ll.o
                0x20000104                mw_tim3
 .bss.mw_tim4   0x20000190       0x8c stm_timer_ll.o
                0x20000190                mw_tim4
 .bss.mw_tim8   0x2000021c       0x8c stm_timer_ll.o
                0x2000021c                mw_tim8
 .bss.firstIndexReceived.0
                0x200002a8        0x1 stm_timer_ll.o
 *fill*         0x200002a9        0x3 
 .bss.xcpCustomTriggerFunction
                0x200002ac        0x8 xcp_ext_mode.o
 *fill*         0x200002b4        0x4 
 .bss.QEI_Polling_B
                0x200002b8       0xa8 QEI_Polling.o
                0x200002b8                QEI_Polling_B
 .bss.QEI_Polling_DW
                0x20000360       0xe8 QEI_Polling.o
                0x20000360                QEI_Polling_DW
 .bss.QEI_Polling_M_
                0x20000448       0x48 QEI_Polling.o
 .bss.rt_ExtModeInfo.2
                0x20000490       0x14 QEI_Polling.o
 .bss.systemRan.1
                0x200004a4       0x3c QEI_Polling.o
 .bss.IsrOverrun
                0x200004e0        0x4 ert_main.o
                0x200004e0                IsrOverrun
 .bss.OverrunFlag
                0x200004e4        0x1 ert_main.o
 .bss.stopRequested
                0x200004e5        0x1 ert_main.o
                0x200004e5                stopRequested
 .bss.runModel  0x200004e6        0x1 ert_main.o
                0x200004e6                runModel
 .bss.xcpModelStartRequest
                0x200004e7        0x1 xcp_ext_common.o
                0x200004e7                xcpModelStartRequest
 .bss.xcpModelStopRequest
                0x200004e8        0x1 xcp_ext_common.o
                0x200004e8                xcpModelStopRequest
 .bss.xcpModelStatus
                0x200004e9        0x1 xcp_ext_common.o
                0x200004e9                xcpModelStatus
 *fill*         0x200004ea        0x2 
 .bss.xcpModelChecksum0
                0x200004ec        0x4 xcp_ext_common.o
                0x200004ec                xcpModelChecksum0
 .bss.xcpModelChecksum1
                0x200004f0        0x4 xcp_ext_common.o
                0x200004f0                xcpModelChecksum1
 .bss.xcpModelChecksum2
                0x200004f4        0x4 xcp_ext_common.o
                0x200004f4                xcpModelChecksum2
 .bss.xcpModelChecksum3
                0x200004f8        0x4 xcp_ext_common.o
                0x200004f8                xcpModelChecksum3
 .bss.xcpModelIntegerCode
                0x200004fc        0x4 xcp_ext_common.o
                0x200004fc                xcpModelIntegerCode
 .bss.xcpExtmodeSimulationComplete
                0x20000500        0x1 xcp_ext_common.o
                0x20000500                xcpExtmodeSimulationComplete
 *fill*         0x20000501        0x7 
 .bss.xcpDummyDoubleVariable
                0x20000508        0x8 xcp_ext_common.o
                0x20000508                xcpDummyDoubleVariable
 .bss.xcpDummyUint64Variable
                0x20000510        0x8 xcp_ext_common.o
                0x20000510                xcpDummyUint64Variable
 .bss.xcpCurrentSimulationTimeInMs
                0x20000518        0x8 xcp_ext_common.o
                0x20000518                xcpCurrentSimulationTimeInMs
 .bss.xcpBaseRateSimulationTime
                0x20000520        0x8 xcp_ext_common.o
 .bss.xcpClassicTriggerEventId
                0x20000528        0x2 xcp_ext_classic_trigger.o
                0x20000528                xcpClassicTriggerEventId
 *fill*         0x2000052a        0x2 
 .bss.xcpClassicTriggerSignalAddress
                0x2000052c        0x4 xcp_ext_classic_trigger.o
                0x2000052c                xcpClassicTriggerSignalAddress
 .bss.xcpClassicTriggerSignalAddressExtension
                0x20000530        0x1 xcp_ext_classic_trigger.o
                0x20000530                xcpClassicTriggerSignalAddressExtension
 *fill*         0x20000531        0x7 
 .bss.xcpClassicTriggerLevel
                0x20000538        0x8 xcp_ext_classic_trigger.o
                0x20000538                xcpClassicTriggerLevel
 .bss.xcpClassicTriggerHoldOff
                0x20000540        0x4 xcp_ext_classic_trigger.o
                0x20000540                xcpClassicTriggerHoldOff
 .bss.xcpClassicTriggerDelay
                0x20000544        0x4 xcp_ext_classic_trigger.o
                0x20000544                xcpClassicTriggerDelay
 .bss.xcpClassicTriggerDirection
                0x20000548        0x1 xcp_ext_classic_trigger.o
                0x20000548                xcpClassicTriggerDirection
 .bss.xcpClassicTriggerCancelRequest
                0x20000549        0x1 xcp_ext_classic_trigger.o
                0x20000549                xcpClassicTriggerCancelRequest
 .bss.xcpClassicTriggerSource
                0x2000054a        0x1 xcp_ext_classic_trigger.o
                0x2000054a                xcpClassicTriggerSource
 .bss.xcpClassicTriggerMode
                0x2000054b        0x1 xcp_ext_classic_trigger.o
                0x2000054b                xcpClassicTriggerMode
 .bss.xcpClassicTriggerStatus
                0x2000054c        0x1 xcp_ext_classic_trigger.o
                0x2000054c                xcpClassicTriggerStatus
 *fill*         0x2000054d        0x3 
 .bss.xcpOldSignalValue
                0x20000550        0x8 xcp_ext_classic_trigger.o
 .bss.xcpOldSignalValueAvailable
                0x20000558        0x1 xcp_ext_classic_trigger.o
 .bss.xcpOldClassicTriggerSource
                0x20000559        0x1 xcp_ext_classic_trigger.o
 .bss.xcpTriggerEnabled
                0x2000055a        0x1 xcp_ext_classic_trigger.o
 .bss.xcpSignalTriggerFired
                0x2000055b        0x1 xcp_ext_classic_trigger.o
 .bss.xcpTriggerCount
                0x2000055c        0x4 xcp_ext_classic_trigger.o
 .bss.xcpForcedTriggerEnabled
                0x20000560        0x1 xcp_ext_classic_trigger.o
 .bss.xcpForceTriggerEnableRequest
                0x20000561        0x1 xcp_ext_classic_trigger.o
 .bss.initialized
                0x20000562        0x1 xcp.o
 .bss.xcpStatus
                0x20000563        0x1 xcp.o
 .bss.xcpSessionStatus
                0x20000564        0x1 xcp.o
 .bss.xcpResourceProtectionStatus
                0x20000565        0x1 xcp.o
 .bss.xcpSessionConfigurationId
                0x20000566        0x2 xcp.o
 .bss.groupPacketLookup
                0x20000568       0x10 xcp.o
 .bss.xcpMta    0x20000578        0x8 xcp_standard.o
 .bss.xcpUploadSize
                0x20000580        0x1 xcp_standard.o
 *fill*         0x20000581        0x3 
 .bss.packetLookup
                0x20000584        0x4 xcp_standard.o
 .bss.xcpDynamicDaqLists
                0x20000588        0x8 xcp_daq.o
 .bss.xcpRunningEventCounter
                0x20000590        0x4 xcp_daq.o
 .bss.daqLock   0x20000594        0x4 xcp_daq.o
 .bss.packetLookup
                0x20000598        0x4 xcp_daq.o
 .bss.packetLookup
                0x2000059c        0x4 xcp_calibration.o
 .bss.txFifo    0x200005a0       0x10 xcp_transport.o
 .bss.txLock    0x200005b0        0x4 xcp_transport.o
 .bss.rxFifo    0x200005b4        0x8 xcp_transport.o
 .bss.rxLock    0x200005bc        0x4 xcp_transport.o
 .bss.initialized
                0x200005c0        0x1 xcp_transport.o
 *fill*         0x200005c1        0x3 
 .bss.xcpMemPoolDescriptors
                0x200005c4       0xc0 xcp_mem_default.o
 .bss.xcpMemCustomPoolDescriptors
                0x20000684        0x8 xcp_mem_default.o
 .bss.xcpMemMainChunk
                0x2000068c      0x5c7 xcp_mem_default.o
 *fill*         0x20000c53        0x1 
 .bss.xcpMemReservedPoolsChunk
                0x20000c54     0x1651 xcp_mem_default.o
 *fill*         0x200022a5        0x3 
 .bss.xcpMemReservedPoolsChunkUsedBytes
                0x200022a8        0x4 xcp_mem_default.o
 .bss.xcpMemLock
                0x200022ac        0x4 xcp_mem_default.o
 .bss.forceBlocking
                0x200022b0        0x1 xcp_drv_rtiostream.o
 *fill*         0x200022b1        0x1 
 .bss.txCounter
                0x200022b2        0x2 xcp_frame_serial.o
 .bss.rxCounter
                0x200022b4        0x2 xcp_frame_serial.o
 *fill*         0x200022b6        0x2 
 .bss.firstRxCounterReceived
                0x200022b8        0x4 xcp_frame_serial.o
 .bss.initialized
                0x200022bc        0x1 xcp_frame_serial.o
 *fill*         0x200022bd        0x3 
 .bss.timestampInitialized
                0x200022c0        0x4 platform_timer.o
 .bss.timestampStartTime
                0x200022c4        0x4 platform_timer.o
 .bss.schdl_counter
                0x200022c8        0x4 SysTickScheduler.o
                0x200022c8                schdl_counter
 .bss.schdl_counter_max
                0x200022cc        0x4 SysTickScheduler.o
                0x200022cc                schdl_counter_max
 .bss.taskToSchedule
                0x200022d0        0x4 m3m4m4f_multitasking.o
                0x200022d0                taskToSchedule
 .bss.mw_ext_h  0x200022d4        0x4 rtiostream_serial.o
                0x200022d4                mw_ext_h
 .bss.UARTRxBuffer
                0x200022d8        0x4 rtiostream_serial.o
                0x200022d8                UARTRxBuffer
 .bss.mw_lpuart1
                0x200022dc       0x40 stm_lpuart.o
                0x200022dc                mw_lpuart1
 .bss.LPUART1ReceiveBuffer
                0x2000231c      0x400 stm_lpuart.o
                0x2000231c                LPUART1ReceiveBuffer
 .bss.htim2     0x2000271c       0x4c stm32g4xx_hal_timebase_tim.o
                0x2000271c                htim2
 .bss.uwTick    0x20002768        0x4 stm32g4xx_hal.o
                0x20002768                uwTick
 .bss.__sf      0x2000276c      0x138 C:/ProgramData/MATLAB/SupportPackages/R2024b/3P.instrset/gnuarm-armcortex.instrset/win/bin/../lib/gcc/arm-none-eabi/13.2.1/thumb/v7e-m+fp/hard\libg_nano.a(libc_a-findfp.o)
                0x2000276c                __sf
 *(COMMON)
                0x200028a4                        . = ALIGN (0x4)
                0x200028a4                        _ebss = .
                0x200028a4                        __bss_end__ = _ebss

._user_heap_stack
                0x200028a4      0x604 load address 0x08010b04
                0x200028a8                        . = ALIGN (0x8)
 *fill*         0x200028a4        0x4 
                [!provide]                        PROVIDE (end = .)
                0x200028a8                        PROVIDE (_end = .)
                0x20002aa8                        . = (. + _Min_Heap_Size)
 *fill*         0x200028a8      0x200 
                0x20002ea8                        . = (. + _Min_Stack_Size)
 *fill*         0x20002aa8      0x400 
                0x20002ea8                        . = ALIGN (0x8)

/DISCARD/
 libc.a(*)
 libm.a(*)
 libgcc.a(*)

.ARM.attributes
                0x00000000       0x30
 *(.ARM.attributes)
 .ARM.attributes
                0x00000000       0x22 C:/ProgramData/MATLAB/SupportPackages/R2024b/3P.instrset/gnuarm-armcortex.instrset/win/bin/../lib/gcc/arm-none-eabi/13.2.1/thumb/v7e-m+fp/hard/crti.o
 .ARM.attributes
                0x00000022       0x34 C:/ProgramData/MATLAB/SupportPackages/R2024b/3P.instrset/gnuarm-armcortex.instrset/win/bin/../lib/gcc/arm-none-eabi/13.2.1/thumb/v7e-m+fp/hard/crtbegin.o
 .ARM.attributes
                0x00000056       0x34 stm_timer_ll.o
 .ARM.attributes
                0x0000008a       0x34 xcp_ext_mode.o
 .ARM.attributes
                0x000000be       0x34 QEI_Polling.o
 .ARM.attributes
                0x000000f2       0x34 ert_main.o
 .ARM.attributes
                0x00000126       0x34 xcp_ext_common.o
 .ARM.attributes
                0x0000015a       0x34 xcp_ext_classic_trigger.o
 .ARM.attributes
                0x0000018e       0x34 xcp.o
 .ARM.attributes
                0x000001c2       0x34 xcp_standard.o
 .ARM.attributes
                0x000001f6       0x34 xcp_daq.o
 .ARM.attributes
                0x0000022a       0x34 xcp_calibration.o
 .ARM.attributes
                0x0000025e       0x34 xcp_fifo.o
 .ARM.attributes
                0x00000292       0x34 xcp_transport.o
 .ARM.attributes
                0x000002c6       0x34 xcp_mem_default.o
 .ARM.attributes
                0x000002fa       0x34 xcp_drv_rtiostream.o
 .ARM.attributes
                0x0000032e       0x34 xcp_utils.o
 .ARM.attributes
                0x00000362       0x34 xcp_frame_serial.o
 .ARM.attributes
                0x00000396       0x34 xcp_ext_param_default_serial.o
 .ARM.attributes
                0x000003ca       0x34 overrideHALDelay.o
 .ARM.attributes
                0x000003fe       0x34 platform_timer.o
 .ARM.attributes
                0x00000432       0x34 SysTickScheduler.o
 .ARM.attributes
                0x00000466       0x34 m3m4m4f_multitasking.o
 .ARM.attributes
                0x0000049a       0x34 rtiostream_serial.o
 .ARM.attributes
                0x000004ce       0x34 stm_usart.o